Archive member included to satisfy reference by file (symbol)

/usr/lib/gcc/avr/7.2.0/../../../../avr/lib/avr5/libm.a(fixunssfsi.o)
                              Conducteur.o (__fixunssfsi)
/usr/lib/gcc/avr/7.2.0/../../../../avr/lib/avr5/libm.a(floatsisf.o)
                              Conducteur.o (__floatunsisf)
/usr/lib/gcc/avr/7.2.0/../../../../avr/lib/avr5/libm.a(fp_split3.o)
                              /usr/lib/gcc/avr/7.2.0/../../../../avr/lib/avr5/libm.a(fixunssfsi.o) (__fp_splitA)
/usr/lib/gcc/avr/7.2.0/../../../../avr/lib/avr5/libm.a(fp_zero.o)
                              /usr/lib/gcc/avr/7.2.0/../../../../avr/lib/avr5/libm.a(fixunssfsi.o) (__fp_zero)
/usr/lib/gcc/avr/7.2.0/../../../../avr/lib/avr5/libm.a(mulsf3.o)
                              Conducteur.o (__mulsf3)
/usr/lib/gcc/avr/7.2.0/../../../../avr/lib/avr5/libm.a(mulsf3x.o)
                              /usr/lib/gcc/avr/7.2.0/../../../../avr/lib/avr5/libm.a(mulsf3.o) (__mulsf3x)
/usr/lib/gcc/avr/7.2.0/../../../../avr/lib/avr5/libm.a(fp_inf.o)
                              /usr/lib/gcc/avr/7.2.0/../../../../avr/lib/avr5/libm.a(mulsf3x.o) (__fp_inf)
/usr/lib/gcc/avr/7.2.0/../../../../avr/lib/avr5/libm.a(fp_nan.o)
                              /usr/lib/gcc/avr/7.2.0/../../../../avr/lib/avr5/libm.a(mulsf3x.o) (__fp_nan)
/usr/lib/gcc/avr/7.2.0/../../../../avr/lib/avr5/libm.a(fp_pscA.o)
                              /usr/lib/gcc/avr/7.2.0/../../../../avr/lib/avr5/libm.a(mulsf3x.o) (__fp_pscA)
/usr/lib/gcc/avr/7.2.0/../../../../avr/lib/avr5/libm.a(fp_pscB.o)
                              /usr/lib/gcc/avr/7.2.0/../../../../avr/lib/avr5/libm.a(mulsf3x.o) (__fp_pscB)
/usr/lib/gcc/avr/7.2.0/../../../../avr/lib/avr5/libm.a(fp_round.o)
                              /usr/lib/gcc/avr/7.2.0/../../../../avr/lib/avr5/libm.a(mulsf3.o) (__fp_round)
/usr/lib/gcc/avr/7.2.0/avr5/libgcc.a(_exit.o)
                              /usr/lib/gcc/avr/7.2.0/../../../../avr/lib/avr5/crtatmega324pa.o (exit)

Memory Configuration

Name             Origin             Length             Attributes
text             0x0000000000000000 0x0000000000020000 xr
data             0x0000000000800060 0x000000000000ffa0 rw !x
eeprom           0x0000000000810000 0x0000000000010000 rw !x
fuse             0x0000000000820000 0x0000000000000003 rw !x
lock             0x0000000000830000 0x0000000000000400 rw !x
signature        0x0000000000840000 0x0000000000000400 rw !x
user_signatures  0x0000000000850000 0x0000000000000400 rw !x
*default*        0x0000000000000000 0xffffffffffffffff

Linker script and memory map

Address of section .data set to 0x800100
LOAD /usr/lib/gcc/avr/7.2.0/../../../../avr/lib/avr5/crtatmega324pa.o
LOAD can.o
LOAD Conducteur.o
LOAD main.o
LOAD /usr/lib/gcc/avr/7.2.0/../../../../avr/lib/avr5/libm.a
START GROUP
LOAD /usr/lib/gcc/avr/7.2.0/avr5/libgcc.a
LOAD /usr/lib/gcc/avr/7.2.0/../../../../avr/lib/avr5/libm.a
LOAD /usr/lib/gcc/avr/7.2.0/../../../../avr/lib/avr5/libc.a
LOAD /usr/lib/gcc/avr/7.2.0/../../../../avr/lib/avr5/libatmega324pa.a
END GROUP
                0x0000000000020000                __TEXT_REGION_LENGTH__ = DEFINED (__TEXT_REGION_LENGTH__)?__TEXT_REGION_LENGTH__:0x20000
                0x000000000000ffa0                __DATA_REGION_LENGTH__ = DEFINED (__DATA_REGION_LENGTH__)?__DATA_REGION_LENGTH__:0xffa0
                0x0000000000010000                __EEPROM_REGION_LENGTH__ = DEFINED (__EEPROM_REGION_LENGTH__)?__EEPROM_REGION_LENGTH__:0x10000
                [0x0000000000000003]                __FUSE_REGION_LENGTH__ = DEFINED (__FUSE_REGION_LENGTH__)?__FUSE_REGION_LENGTH__:0x400
                0x0000000000000400                __LOCK_REGION_LENGTH__ = DEFINED (__LOCK_REGION_LENGTH__)?__LOCK_REGION_LENGTH__:0x400
                0x0000000000000400                __SIGNATURE_REGION_LENGTH__ = DEFINED (__SIGNATURE_REGION_LENGTH__)?__SIGNATURE_REGION_LENGTH__:0x400
                0x0000000000000400                __USER_SIGNATURE_REGION_LENGTH__ = DEFINED (__USER_SIGNATURE_REGION_LENGTH__)?__USER_SIGNATURE_REGION_LENGTH__:0x400

.hash
 *(.hash)

.dynsym
 *(.dynsym)

.dynstr
 *(.dynstr)

.gnu.version
 *(.gnu.version)

.gnu.version_d
 *(.gnu.version_d)

.gnu.version_r
 *(.gnu.version_r)

.rel.init
 *(.rel.init)

.rela.init
 *(.rela.init)

.rel.text
 *(.rel.text)
 *(.rel.text.*)
 *(.rel.gnu.linkonce.t*)

.rela.text
 *(.rela.text)
 *(.rela.text.*)
 *(.rela.gnu.linkonce.t*)

.rel.fini
 *(.rel.fini)

.rela.fini
 *(.rela.fini)

.rel.rodata
 *(.rel.rodata)
 *(.rel.rodata.*)
 *(.rel.gnu.linkonce.r*)

.rela.rodata
 *(.rela.rodata)
 *(.rela.rodata.*)
 *(.rela.gnu.linkonce.r*)

.rel.data
 *(.rel.data)
 *(.rel.data.*)
 *(.rel.gnu.linkonce.d*)

.rela.data
 *(.rela.data)
 *(.rela.data.*)
 *(.rela.gnu.linkonce.d*)

.rel.ctors
 *(.rel.ctors)

.rela.ctors
 *(.rela.ctors)

.rel.dtors
 *(.rel.dtors)

.rela.dtors
 *(.rela.dtors)

.rel.got
 *(.rel.got)

.rela.got
 *(.rela.got)

.rel.bss
 *(.rel.bss)

.rela.bss
 *(.rela.bss)

.rel.plt
 *(.rel.plt)

.rela.plt
 *(.rela.plt)

.text           0x0000000000000000      0x47e
 *(.vectors)
 .vectors       0x0000000000000000       0x7c /usr/lib/gcc/avr/7.2.0/../../../../avr/lib/avr5/crtatmega324pa.o
                0x0000000000000000                __vectors
                0x0000000000000000                __vector_default
 *(.vectors)
 *(.progmem.gcc*)
                0x000000000000007c                . = ALIGN (0x2)
                0x000000000000007c                __trampolines_start = .
 *(.trampolines)
 .trampolines   0x000000000000007c        0x0 linker stubs
 *(.trampolines*)
                0x000000000000007c                __trampolines_end = .
 *libprintf_flt.a:*(.progmem.data)
 *libc.a:*(.progmem.data)
 *(.progmem.*)
                0x000000000000007c                . = ALIGN (0x2)
 *(.lowtext)
 *(.lowtext*)
                0x000000000000007c                __ctors_start = .
 *(.ctors)
                0x000000000000007c                __ctors_end = .
                0x000000000000007c                __dtors_start = .
 *(.dtors)
                0x000000000000007c                __dtors_end = .
 SORT_BY_NAME(*)(.ctors)
 SORT_BY_NAME(*)(.dtors)
 *(.init0)
 .init0         0x000000000000007c        0x0 /usr/lib/gcc/avr/7.2.0/../../../../avr/lib/avr5/crtatmega324pa.o
                0x000000000000007c                __init
 *(.init0)
 *(.init1)
 *(.init1)
 *(.init2)
 .init2         0x000000000000007c        0xc /usr/lib/gcc/avr/7.2.0/../../../../avr/lib/avr5/crtatmega324pa.o
 *(.init2)
 *(.init3)
 *(.init3)
 *(.init4)
 *(.init4)
 *(.init5)
 *(.init5)
 *(.init6)
 *(.init6)
 *(.init7)
 *(.init7)
 *(.init8)
 *(.init8)
 *(.init9)
 .init9         0x0000000000000088        0x8 /usr/lib/gcc/avr/7.2.0/../../../../avr/lib/avr5/crtatmega324pa.o
 *(.init9)
 *(.text)
 .text          0x0000000000000090        0x4 /usr/lib/gcc/avr/7.2.0/../../../../avr/lib/avr5/crtatmega324pa.o
                0x0000000000000090                __vector_22
                0x0000000000000090                __vector_28
                0x0000000000000090                __vector_1
                0x0000000000000090                __vector_24
                0x0000000000000090                __vector_12
                0x0000000000000090                __bad_interrupt
                0x0000000000000090                __vector_6
                0x0000000000000090                __vector_3
                0x0000000000000090                __vector_23
                0x0000000000000090                __vector_30
                0x0000000000000090                __vector_25
                0x0000000000000090                __vector_11
                0x0000000000000090                __vector_13
                0x0000000000000090                __vector_17
                0x0000000000000090                __vector_19
                0x0000000000000090                __vector_7
                0x0000000000000090                __vector_27
                0x0000000000000090                __vector_5
                0x0000000000000090                __vector_4
                0x0000000000000090                __vector_9
                0x0000000000000090                __vector_2
                0x0000000000000090                __vector_21
                0x0000000000000090                __vector_15
                0x0000000000000090                __vector_29
                0x0000000000000090                __vector_8
                0x0000000000000090                __vector_26
                0x0000000000000090                __vector_14
                0x0000000000000090                __vector_10
                0x0000000000000090                __vector_16
                0x0000000000000090                __vector_18
                0x0000000000000090                __vector_20
 .text          0x0000000000000094       0x5a can.o
                0x0000000000000094                _ZN3canC2Ev
                0x0000000000000094                _ZN3canC1Ev
                0x00000000000000a0                _ZN3canD1Ev
                0x00000000000000a0                _ZN3canD2Ev
                0x00000000000000a6                _ZN3can7lectureEh
 .text          0x00000000000000ee       0xf6 Conducteur.o
                0x00000000000000ee                _ZN10ConducteurC2Ev
                0x00000000000000ee                _ZN10ConducteurC1Ev
                0x0000000000000126                _ZN10Conducteur3PWMEjj9Direction
 .text          0x00000000000001e4       0x36 main.o
                0x00000000000001e4                _Z9detectionv
 .text          0x000000000000021a        0x0 /usr/lib/gcc/avr/7.2.0/../../../../avr/lib/avr5/libm.a(fixunssfsi.o)
 .text          0x000000000000021a        0x0 /usr/lib/gcc/avr/7.2.0/../../../../avr/lib/avr5/libm.a(floatsisf.o)
 .text          0x000000000000021a        0x0 /usr/lib/gcc/avr/7.2.0/../../../../avr/lib/avr5/libm.a(fp_split3.o)
 .text          0x000000000000021a        0x0 /usr/lib/gcc/avr/7.2.0/../../../../avr/lib/avr5/libm.a(fp_zero.o)
 .text          0x000000000000021a        0x0 /usr/lib/gcc/avr/7.2.0/../../../../avr/lib/avr5/libm.a(mulsf3.o)
 .text          0x000000000000021a        0x0 /usr/lib/gcc/avr/7.2.0/../../../../avr/lib/avr5/libm.a(mulsf3x.o)
 .text          0x000000000000021a        0x0 /usr/lib/gcc/avr/7.2.0/../../../../avr/lib/avr5/libm.a(fp_inf.o)
 .text          0x000000000000021a        0x0 /usr/lib/gcc/avr/7.2.0/../../../../avr/lib/avr5/libm.a(fp_nan.o)
 .text          0x000000000000021a        0x0 /usr/lib/gcc/avr/7.2.0/../../../../avr/lib/avr5/libm.a(fp_pscA.o)
 .text          0x000000000000021a        0x0 /usr/lib/gcc/avr/7.2.0/../../../../avr/lib/avr5/libm.a(fp_pscB.o)
 .text          0x000000000000021a        0x0 /usr/lib/gcc/avr/7.2.0/../../../../avr/lib/avr5/libm.a(fp_round.o)
 .text          0x000000000000021a        0x0 /usr/lib/gcc/avr/7.2.0/avr5/libgcc.a(_exit.o)
                0x000000000000021a                . = ALIGN (0x2)
 *(.text.*)
 .text.startup  0x000000000000021a        0xc main.o
                0x000000000000021a                main
 .text.avr-libc.fplib
                0x0000000000000226       0x5e /usr/lib/gcc/avr/7.2.0/../../../../avr/lib/avr5/libm.a(fixunssfsi.o)
                0x0000000000000226                __fixunssfsi
 .text.avr-libc.fplib
                0x0000000000000284       0x7a /usr/lib/gcc/avr/7.2.0/../../../../avr/lib/avr5/libm.a(floatsisf.o)
                0x0000000000000284                __floatunsisf
                0x0000000000000288                __floatsisf
 .text.avr-libc.fplib
                0x00000000000002fe       0x44 /usr/lib/gcc/avr/7.2.0/../../../../avr/lib/avr5/libm.a(fp_split3.o)
                0x00000000000002fe                __fp_split3
                0x000000000000030e                __fp_splitA
 .text.avr-libc.fplib
                0x0000000000000342        0xe /usr/lib/gcc/avr/7.2.0/../../../../avr/lib/avr5/libm.a(fp_zero.o)
                0x0000000000000342                __fp_zero
                0x0000000000000344                __fp_szero
 .text.avr-libc.fplib
                0x0000000000000350        0x8 /usr/lib/gcc/avr/7.2.0/../../../../avr/lib/avr5/libm.a(mulsf3.o)
                0x0000000000000350                __mulsf3
 .text.avr-libc.fplib
                0x0000000000000358       0xd2 /usr/lib/gcc/avr/7.2.0/../../../../avr/lib/avr5/libm.a(mulsf3x.o)
                0x0000000000000376                __mulsf3x
                0x000000000000037c                __mulsf3_pse
 .text.avr-libc.fplib
                0x000000000000042a        0xc /usr/lib/gcc/avr/7.2.0/../../../../avr/lib/avr5/libm.a(fp_inf.o)
                0x000000000000042a                __fp_inf
 .text.avr-libc.fplib
                0x0000000000000436        0x6 /usr/lib/gcc/avr/7.2.0/../../../../avr/lib/avr5/libm.a(fp_nan.o)
                0x0000000000000436                __fp_nan
 .text.avr-libc.fplib
                0x000000000000043c        0xe /usr/lib/gcc/avr/7.2.0/../../../../avr/lib/avr5/libm.a(fp_pscA.o)
                0x000000000000043c                __fp_pscA
 .text.avr-libc.fplib
                0x000000000000044a        0xe /usr/lib/gcc/avr/7.2.0/../../../../avr/lib/avr5/libm.a(fp_pscB.o)
                0x000000000000044a                __fp_pscB
 .text.avr-libc.fplib
                0x0000000000000458       0x22 /usr/lib/gcc/avr/7.2.0/../../../../avr/lib/avr5/libm.a(fp_round.o)
                0x0000000000000458                __fp_round
 .text.libgcc.mul
                0x000000000000047a        0x0 /usr/lib/gcc/avr/7.2.0/avr5/libgcc.a(_exit.o)
 .text.libgcc.div
                0x000000000000047a        0x0 /usr/lib/gcc/avr/7.2.0/avr5/libgcc.a(_exit.o)
 .text.libgcc   0x000000000000047a        0x0 /usr/lib/gcc/avr/7.2.0/avr5/libgcc.a(_exit.o)
 .text.libgcc.prologue
                0x000000000000047a        0x0 /usr/lib/gcc/avr/7.2.0/avr5/libgcc.a(_exit.o)
 .text.libgcc.builtins
                0x000000000000047a        0x0 /usr/lib/gcc/avr/7.2.0/avr5/libgcc.a(_exit.o)
 .text.libgcc.fmul
                0x000000000000047a        0x0 /usr/lib/gcc/avr/7.2.0/avr5/libgcc.a(_exit.o)
 .text.libgcc.fixed
                0x000000000000047a        0x0 /usr/lib/gcc/avr/7.2.0/avr5/libgcc.a(_exit.o)
                0x000000000000047a                . = ALIGN (0x2)
 *(.fini9)
 .fini9         0x000000000000047a        0x0 /usr/lib/gcc/avr/7.2.0/avr5/libgcc.a(_exit.o)
                0x000000000000047a                exit
                0x000000000000047a                _exit
 *(.fini9)
 *(.fini8)
 *(.fini8)
 *(.fini7)
 *(.fini7)
 *(.fini6)
 *(.fini6)
 *(.fini5)
 *(.fini5)
 *(.fini4)
 *(.fini4)
 *(.fini3)
 *(.fini3)
 *(.fini2)
 *(.fini2)
 *(.fini1)
 *(.fini1)
 *(.fini0)
 .fini0         0x000000000000047a        0x4 /usr/lib/gcc/avr/7.2.0/avr5/libgcc.a(_exit.o)
 *(.fini0)
 *(.hightext)
 *(.hightext*)
 *(.progmemx.*)
                0x000000000000047e                . = ALIGN (0x2)
 *(.jumptables)
 *(.jumptables*)
                0x000000000000047e                _etext = .

.data           0x0000000000800100        0x0 load address 0x000000000000047e
                [!provide]                        PROVIDE (__data_start = .)
 *(.data)
 .data          0x0000000000800100        0x0 /usr/lib/gcc/avr/7.2.0/../../../../avr/lib/avr5/crtatmega324pa.o
 .data          0x0000000000800100        0x0 can.o
 .data          0x0000000000800100        0x0 Conducteur.o
 .data          0x0000000000800100        0x0 main.o
 .data          0x0000000000800100        0x0 /usr/lib/gcc/avr/7.2.0/../../../../avr/lib/avr5/libm.a(fixunssfsi.o)
 .data          0x0000000000800100        0x0 /usr/lib/gcc/avr/7.2.0/../../../../avr/lib/avr5/libm.a(floatsisf.o)
 .data          0x0000000000800100        0x0 /usr/lib/gcc/avr/7.2.0/../../../../avr/lib/avr5/libm.a(fp_split3.o)
 .data          0x0000000000800100        0x0 /usr/lib/gcc/avr/7.2.0/../../../../avr/lib/avr5/libm.a(fp_zero.o)
 .data          0x0000000000800100        0x0 /usr/lib/gcc/avr/7.2.0/../../../../avr/lib/avr5/libm.a(mulsf3.o)
 .data          0x0000000000800100        0x0 /usr/lib/gcc/avr/7.2.0/../../../../avr/lib/avr5/libm.a(mulsf3x.o)
 .data          0x0000000000800100        0x0 /usr/lib/gcc/avr/7.2.0/../../../../avr/lib/avr5/libm.a(fp_inf.o)
 .data          0x0000000000800100        0x0 /usr/lib/gcc/avr/7.2.0/../../../../avr/lib/avr5/libm.a(fp_nan.o)
 .data          0x0000000000800100        0x0 /usr/lib/gcc/avr/7.2.0/../../../../avr/lib/avr5/libm.a(fp_pscA.o)
 .data          0x0000000000800100        0x0 /usr/lib/gcc/avr/7.2.0/../../../../avr/lib/avr5/libm.a(fp_pscB.o)
 .data          0x0000000000800100        0x0 /usr/lib/gcc/avr/7.2.0/../../../../avr/lib/avr5/libm.a(fp_round.o)
 .data          0x0000000000800100        0x0 /usr/lib/gcc/avr/7.2.0/avr5/libgcc.a(_exit.o)
 *(.data*)
 *(.gnu.linkonce.d*)
 *(.rodata)
 *(.rodata*)
 *(.gnu.linkonce.r*)
                0x0000000000800100                . = ALIGN (0x2)
                0x0000000000800100                _edata = .
                [!provide]                        PROVIDE (__data_end = .)

.bss            0x0000000000800100        0x0
                [!provide]                        PROVIDE (__bss_start = .)
 *(.bss)
 .bss           0x0000000000800100        0x0 /usr/lib/gcc/avr/7.2.0/../../../../avr/lib/avr5/crtatmega324pa.o
 .bss           0x0000000000800100        0x0 can.o
 .bss           0x0000000000800100        0x0 Conducteur.o
 .bss           0x0000000000800100        0x0 main.o
 .bss           0x0000000000800100        0x0 /usr/lib/gcc/avr/7.2.0/../../../../avr/lib/avr5/libm.a(fixunssfsi.o)
 .bss           0x0000000000800100        0x0 /usr/lib/gcc/avr/7.2.0/../../../../avr/lib/avr5/libm.a(floatsisf.o)
 .bss           0x0000000000800100        0x0 /usr/lib/gcc/avr/7.2.0/../../../../avr/lib/avr5/libm.a(fp_split3.o)
 .bss           0x0000000000800100        0x0 /usr/lib/gcc/avr/7.2.0/../../../../avr/lib/avr5/libm.a(fp_zero.o)
 .bss           0x0000000000800100        0x0 /usr/lib/gcc/avr/7.2.0/../../../../avr/lib/avr5/libm.a(mulsf3.o)
 .bss           0x0000000000800100        0x0 /usr/lib/gcc/avr/7.2.0/../../../../avr/lib/avr5/libm.a(mulsf3x.o)
 .bss           0x0000000000800100        0x0 /usr/lib/gcc/avr/7.2.0/../../../../avr/lib/avr5/libm.a(fp_inf.o)
 .bss           0x0000000000800100        0x0 /usr/lib/gcc/avr/7.2.0/../../../../avr/lib/avr5/libm.a(fp_nan.o)
 .bss           0x0000000000800100        0x0 /usr/lib/gcc/avr/7.2.0/../../../../avr/lib/avr5/libm.a(fp_pscA.o)
 .bss           0x0000000000800100        0x0 /usr/lib/gcc/avr/7.2.0/../../../../avr/lib/avr5/libm.a(fp_pscB.o)
 .bss           0x0000000000800100        0x0 /usr/lib/gcc/avr/7.2.0/../../../../avr/lib/avr5/libm.a(fp_round.o)
 .bss           0x0000000000800100        0x0 /usr/lib/gcc/avr/7.2.0/avr5/libgcc.a(_exit.o)
 *(.bss*)
 *(COMMON)
                [!provide]                        PROVIDE (__bss_end = .)
                0x000000000000047e                __data_load_start = LOADADDR (.data)
                0x000000000000047e                __data_load_end = (__data_load_start + SIZEOF (.data))

.noinit         0x0000000000800100        0x0
                [!provide]                        PROVIDE (__noinit_start = .)
 *(.noinit*)
                [!provide]                        PROVIDE (__noinit_end = .)
                0x0000000000800100                _end = .
                [!provide]                        PROVIDE (__heap_start = .)

.eeprom         0x0000000000810000        0x0
 *(.eeprom*)
                0x0000000000810000                __eeprom_end = .

.fuse
 *(.fuse)
 *(.lfuse)
 *(.hfuse)
 *(.efuse)

.lock
 *(.lock*)

.signature
 *(.signature*)

.stab           0x0000000000000000     0x135c
 *(.stab)
 .stab          0x0000000000000000      0x648 can.o
 .stab          0x0000000000000648      0x6d8 Conducteur.o
                                        0x6e4 (size before relaxing)
 .stab          0x0000000000000d20      0x5d0 main.o
                                        0x5dc (size before relaxing)
 .stab          0x00000000000012f0       0x6c /usr/lib/gcc/avr/7.2.0/avr5/libgcc.a(_exit.o)
                                         0x78 (size before relaxing)

.stabstr        0x0000000000000000     0x135c
 *(.stabstr)
 .stabstr       0x0000000000000000     0x135c can.o

.stab.excl
 *(.stab.excl)

.stab.exclstr
 *(.stab.exclstr)

.stab.index
 *(.stab.index)

.stab.indexstr
 *(.stab.indexstr)

.comment        0x0000000000000000       0x21
 *(.comment)
 .comment       0x0000000000000000       0x21 can.o
                                         0x22 (size before relaxing)
 .comment       0x0000000000000021       0x22 Conducteur.o
 .comment       0x0000000000000021       0x22 main.o

.note.gnu.avr.deviceinfo
                0x0000000000000000       0x40
 .note.gnu.avr.deviceinfo
                0x0000000000000000       0x40 /usr/lib/gcc/avr/7.2.0/../../../../avr/lib/avr5/crtatmega324pa.o

.note.gnu.build-id
 *(.note.gnu.build-id)

.debug
 *(.debug)

.line
 *(.line)

.debug_srcinfo
 *(.debug_srcinfo)

.debug_sfnames
 *(.debug_sfnames)

.debug_aranges
 *(.debug_aranges)

.debug_pubnames
 *(.debug_pubnames)

.debug_info     0x0000000000000000      0x6cc
 *(.debug_info .gnu.linkonce.wi.*)
 .debug_info    0x0000000000000000      0x6cc /usr/lib/gcc/avr/7.2.0/../../../../avr/lib/avr5/crtatmega324pa.o

.debug_abbrev   0x0000000000000000      0x66e
 *(.debug_abbrev)
 .debug_abbrev  0x0000000000000000      0x66e /usr/lib/gcc/avr/7.2.0/../../../../avr/lib/avr5/crtatmega324pa.o

.debug_line     0x0000000000000000       0x1d
 *(.debug_line .debug_line.* .debug_line_end)
 .debug_line    0x0000000000000000       0x1d /usr/lib/gcc/avr/7.2.0/../../../../avr/lib/avr5/crtatmega324pa.o

.debug_frame
 *(.debug_frame)

.debug_str      0x0000000000000000      0x255
 *(.debug_str)
 .debug_str     0x0000000000000000      0x255 /usr/lib/gcc/avr/7.2.0/../../../../avr/lib/avr5/crtatmega324pa.o

.debug_loc
 *(.debug_loc)

.debug_macinfo
 *(.debug_macinfo)

.debug_weaknames
 *(.debug_weaknames)

.debug_funcnames
 *(.debug_funcnames)

.debug_typenames
 *(.debug_typenames)

.debug_varnames
 *(.debug_varnames)

.debug_pubtypes
 *(.debug_pubtypes)

.debug_ranges
 *(.debug_ranges)

.debug_macro
 *(.debug_macro)

.debug_addr
 *(.debug_addr)
OUTPUT(Testligne.out elf32-avr)
LOAD linker stubs
