Archive member included to satisfy reference by file (symbol)

../lib_dir//libstatique.a(Sonorite.o)
                              main.o (_ZN8SonoriteC1Ev)
../lib_dir//libstatique.a(can.o)
                              main.o (_ZN3canC1Ev)
../lib_dir//libstatique.a(Minuterie.o)
                              main.o (_ZN9MinuterieC1Ev)
../lib_dir//libstatique.a(Bouton.o)
                              main.o (_ZN6BoutonC1Ev)
../lib_dir//libstatique.a(Conducteur.o)
                              main.o (_ZN10ConducteurC1Ev)
/usr/lib/gcc/avr/7.2.0/avr5/libgcc.a(_exit.o)
                              /usr/lib/gcc/avr/7.2.0/../../../../avr/lib/avr5/crtatmega324pa.o (exit)
/usr/lib/gcc/avr/7.2.0/avr5/libgcc.a(_tablejump2.o)
                              main.o (__tablejump2__)
/usr/lib/gcc/avr/7.2.0/avr5/libgcc.a(_copy_data.o)
                              main.o (__do_copy_data)
/usr/lib/gcc/avr/7.2.0/avr5/libgcc.a(_clear_bss.o)
                              main.o (__do_clear_bss)
/usr/lib/gcc/avr/7.2.0/avr5/libgcc.a(_ctors.o)
                              main.o (__do_global_ctors)
/usr/lib/gcc/avr/7.2.0/avr5/libgcc.a(_dtors.o)
                              main.o (__do_global_dtors)
/usr/lib/gcc/avr/7.2.0/../../../../avr/lib/avr5/libm.a(fixunssfsi.o)
                              ../lib_dir//libstatique.a(Sonorite.o) (__fixunssfsi)
/usr/lib/gcc/avr/7.2.0/../../../../avr/lib/avr5/libm.a(floatsisf.o)
                              ../lib_dir//libstatique.a(Conducteur.o) (__floatunsisf)
/usr/lib/gcc/avr/7.2.0/../../../../avr/lib/avr5/libm.a(fp_split3.o)
                              /usr/lib/gcc/avr/7.2.0/../../../../avr/lib/avr5/libm.a(fixunssfsi.o) (__fp_splitA)
/usr/lib/gcc/avr/7.2.0/../../../../avr/lib/avr5/libm.a(fp_zero.o)
                              /usr/lib/gcc/avr/7.2.0/../../../../avr/lib/avr5/libm.a(fixunssfsi.o) (__fp_zero)
/usr/lib/gcc/avr/7.2.0/../../../../avr/lib/avr5/libm.a(mulsf3.o)
                              ../lib_dir//libstatique.a(Sonorite.o) (__mulsf3)
/usr/lib/gcc/avr/7.2.0/../../../../avr/lib/avr5/libm.a(mulsf3x.o)
                              /usr/lib/gcc/avr/7.2.0/../../../../avr/lib/avr5/libm.a(mulsf3.o) (__mulsf3x)
/usr/lib/gcc/avr/7.2.0/../../../../avr/lib/avr5/libm.a(fp_inf.o)
                              /usr/lib/gcc/avr/7.2.0/../../../../avr/lib/avr5/libm.a(mulsf3x.o) (__fp_inf)
/usr/lib/gcc/avr/7.2.0/../../../../avr/lib/avr5/libm.a(fp_nan.o)
                              /usr/lib/gcc/avr/7.2.0/../../../../avr/lib/avr5/libm.a(mulsf3x.o) (__fp_nan)
/usr/lib/gcc/avr/7.2.0/../../../../avr/lib/avr5/libm.a(fp_pscA.o)
                              /usr/lib/gcc/avr/7.2.0/../../../../avr/lib/avr5/libm.a(mulsf3x.o) (__fp_pscA)
/usr/lib/gcc/avr/7.2.0/../../../../avr/lib/avr5/libm.a(fp_pscB.o)
                              /usr/lib/gcc/avr/7.2.0/../../../../avr/lib/avr5/libm.a(mulsf3x.o) (__fp_pscB)
/usr/lib/gcc/avr/7.2.0/../../../../avr/lib/avr5/libm.a(fp_round.o)
                              /usr/lib/gcc/avr/7.2.0/../../../../avr/lib/avr5/libm.a(mulsf3.o) (__fp_round)

Memory Configuration

Name             Origin             Length             Attributes
text             0x0000000000000000 0x0000000000020000 xr
data             0x0000000000800060 0x000000000000ffa0 rw !x
eeprom           0x0000000000810000 0x0000000000010000 rw !x
fuse             0x0000000000820000 0x0000000000000003 rw !x
lock             0x0000000000830000 0x0000000000000400 rw !x
signature        0x0000000000840000 0x0000000000000400 rw !x
user_signatures  0x0000000000850000 0x0000000000000400 rw !x
*default*        0x0000000000000000 0xffffffffffffffff

Linker script and memory map

Address of section .data set to 0x800100
LOAD /usr/lib/gcc/avr/7.2.0/../../../../avr/lib/avr5/crtatmega324pa.o
LOAD main.o
LOAD /usr/lib/gcc/avr/7.2.0/../../../../avr/lib/avr5/libm.a
LOAD ../lib_dir//libstatique.a
START GROUP
LOAD /usr/lib/gcc/avr/7.2.0/avr5/libgcc.a
LOAD /usr/lib/gcc/avr/7.2.0/../../../../avr/lib/avr5/libm.a
LOAD /usr/lib/gcc/avr/7.2.0/../../../../avr/lib/avr5/libc.a
LOAD /usr/lib/gcc/avr/7.2.0/../../../../avr/lib/avr5/libatmega324pa.a
END GROUP
                0x0000000000020000                __TEXT_REGION_LENGTH__ = DEFINED (__TEXT_REGION_LENGTH__)?__TEXT_REGION_LENGTH__:0x20000
                0x000000000000ffa0                __DATA_REGION_LENGTH__ = DEFINED (__DATA_REGION_LENGTH__)?__DATA_REGION_LENGTH__:0xffa0
                0x0000000000010000                __EEPROM_REGION_LENGTH__ = DEFINED (__EEPROM_REGION_LENGTH__)?__EEPROM_REGION_LENGTH__:0x10000
                [0x0000000000000003]                __FUSE_REGION_LENGTH__ = DEFINED (__FUSE_REGION_LENGTH__)?__FUSE_REGION_LENGTH__:0x400
                0x0000000000000400                __LOCK_REGION_LENGTH__ = DEFINED (__LOCK_REGION_LENGTH__)?__LOCK_REGION_LENGTH__:0x400
                0x0000000000000400                __SIGNATURE_REGION_LENGTH__ = DEFINED (__SIGNATURE_REGION_LENGTH__)?__SIGNATURE_REGION_LENGTH__:0x400
                0x0000000000000400                __USER_SIGNATURE_REGION_LENGTH__ = DEFINED (__USER_SIGNATURE_REGION_LENGTH__)?__USER_SIGNATURE_REGION_LENGTH__:0x400

.hash
 *(.hash)

.dynsym
 *(.dynsym)

.dynstr
 *(.dynstr)

.gnu.version
 *(.gnu.version)

.gnu.version_d
 *(.gnu.version_d)

.gnu.version_r
 *(.gnu.version_r)

.rel.init
 *(.rel.init)

.rela.init
 *(.rela.init)

.rel.text
 *(.rel.text)
 *(.rel.text.*)
 *(.rel.gnu.linkonce.t*)

.rela.text
 *(.rela.text)
 *(.rela.text.*)
 *(.rela.gnu.linkonce.t*)

.rel.fini
 *(.rel.fini)

.rela.fini
 *(.rela.fini)

.rel.rodata
 *(.rel.rodata)
 *(.rel.rodata.*)
 *(.rel.gnu.linkonce.r*)

.rela.rodata
 *(.rela.rodata)
 *(.rela.rodata.*)
 *(.rela.gnu.linkonce.r*)

.rel.data
 *(.rel.data)
 *(.rel.data.*)
 *(.rel.gnu.linkonce.d*)

.rela.data
 *(.rela.data)
 *(.rela.data.*)
 *(.rela.gnu.linkonce.d*)

.rel.ctors
 *(.rel.ctors)

.rela.ctors
 *(.rela.ctors)

.rel.dtors
 *(.rel.dtors)

.rela.dtors
 *(.rela.dtors)

.rel.got
 *(.rel.got)

.rela.got
 *(.rela.got)

.rel.bss
 *(.rel.bss)

.rela.bss
 *(.rela.bss)

.rel.plt
 *(.rel.plt)

.rela.plt
 *(.rela.plt)

.text           0x0000000000000000     0x2f82
 *(.vectors)
 .vectors       0x0000000000000000       0x7c /usr/lib/gcc/avr/7.2.0/../../../../avr/lib/avr5/crtatmega324pa.o
                0x0000000000000000                __vectors
                0x0000000000000000                __vector_default
 *(.vectors)
 *(.progmem.gcc*)
                0x000000000000007c                . = ALIGN (0x2)
                0x000000000000007c                __trampolines_start = .
 *(.trampolines)
 .trampolines   0x000000000000007c        0x0 linker stubs
 *(.trampolines*)
                0x000000000000007c                __trampolines_end = .
 *libprintf_flt.a:*(.progmem.data)
 *libc.a:*(.progmem.data)
 *(.progmem.*)
                0x000000000000007c                . = ALIGN (0x2)
 *(.lowtext)
 *(.lowtext*)
                0x000000000000007c                __ctors_start = .
 *(.ctors)
 .ctors         0x000000000000007c        0x2 main.o
                0x000000000000007e                __ctors_end = .
                0x000000000000007e                __dtors_start = .
 *(.dtors)
 .dtors         0x000000000000007e        0x2 main.o
                0x0000000000000080                __dtors_end = .
 SORT_BY_NAME(*)(.ctors)
 SORT_BY_NAME(*)(.dtors)
 *(.init0)
 .init0         0x0000000000000080        0x0 /usr/lib/gcc/avr/7.2.0/../../../../avr/lib/avr5/crtatmega324pa.o
                0x0000000000000080                __init
 *(.init0)
 *(.init1)
 *(.init1)
 *(.init2)
 .init2         0x0000000000000080        0xc /usr/lib/gcc/avr/7.2.0/../../../../avr/lib/avr5/crtatmega324pa.o
 *(.init2)
 *(.init3)
 *(.init3)
 *(.init4)
 .init4         0x000000000000008c       0x16 /usr/lib/gcc/avr/7.2.0/avr5/libgcc.a(_copy_data.o)
                0x000000000000008c                __do_copy_data
 .init4         0x00000000000000a2       0x10 /usr/lib/gcc/avr/7.2.0/avr5/libgcc.a(_clear_bss.o)
                0x00000000000000a2                __do_clear_bss
 *(.init4)
 *(.init5)
 *(.init5)
 *(.init6)
 .init6         0x00000000000000b2       0x16 /usr/lib/gcc/avr/7.2.0/avr5/libgcc.a(_ctors.o)
                0x00000000000000b2                __do_global_ctors
 *(.init6)
 *(.init7)
 *(.init7)
 *(.init8)
 *(.init8)
 *(.init9)
 .init9         0x00000000000000c8        0x8 /usr/lib/gcc/avr/7.2.0/../../../../avr/lib/avr5/crtatmega324pa.o
 *(.init9)
 *(.text)
 .text          0x00000000000000d0        0x4 /usr/lib/gcc/avr/7.2.0/../../../../avr/lib/avr5/crtatmega324pa.o
                0x00000000000000d0                __vector_22
                0x00000000000000d0                __vector_28
                0x00000000000000d0                __vector_24
                0x00000000000000d0                __vector_12
                0x00000000000000d0                __bad_interrupt
                0x00000000000000d0                __vector_6
                0x00000000000000d0                __vector_3
                0x00000000000000d0                __vector_23
                0x00000000000000d0                __vector_30
                0x00000000000000d0                __vector_25
                0x00000000000000d0                __vector_11
                0x00000000000000d0                __vector_13
                0x00000000000000d0                __vector_17
                0x00000000000000d0                __vector_19
                0x00000000000000d0                __vector_7
                0x00000000000000d0                __vector_27
                0x00000000000000d0                __vector_5
                0x00000000000000d0                __vector_4
                0x00000000000000d0                __vector_2
                0x00000000000000d0                __vector_21
                0x00000000000000d0                __vector_15
                0x00000000000000d0                __vector_29
                0x00000000000000d0                __vector_8
                0x00000000000000d0                __vector_26
                0x00000000000000d0                __vector_14
                0x00000000000000d0                __vector_10
                0x00000000000000d0                __vector_16
                0x00000000000000d0                __vector_18
                0x00000000000000d0                __vector_20
 .text          0x00000000000000d4     0x2938 main.o
                0x00000000000000d4                __vector_9
                0x0000000000000158                __vector_1
                0x0000000000000276                _Z18initialisationPortv
                0x0000000000000284                _Z11getCapteur1v
                0x000000000000029c                _Z11getCapteur2v
                0x00000000000002b4                _Z11getCapteur3v
                0x00000000000002cc                _Z11getCapteur4v
                0x00000000000002e4                _Z11getCapteur5v
                0x00000000000002fc                _Z16detectionCapteurv
                0x000000000000036c                _Z10rotation90v
                0x0000000000000414                _Z10rotation91v
                0x0000000000000498                _Z10rotation12v
                0x00000000000004f8                _Z21suivreLigneSection1_1v
                0x0000000000000632                _Z27suivreLigneSection1_2Point1v
                0x000000000000085e                _Z27suivreLigneSection1_2Point2v
                0x0000000000000a8a                _Z27suivreLigneSection1_2Point3v
                0x0000000000000cb6                _Z27suivreLigneSection1_2Point4v
                0x0000000000000ee2                _Z27suivreLigneSection1_2Point5v
                0x000000000000110e                _Z27suivreLigneSection1_2Point6v
                0x000000000000133a                _Z27suivreLigneSection1_2Point7v
                0x0000000000001566                _Z27suivreLigneSection1_2Point8v
                0x0000000000001792                _Z27suivreLigneSection1_2Point9v
                0x0000000000001a2a                _Z25suivreLigneSection1_2Casei
                0x0000000000001a74                _Z21suivreLigneSection1_3v
                0x0000000000001bea                _Z19suivreLigneSection2v
                0x0000000000001d92                _Z21suivreLigneSection3_1v
                0x0000000000001f32                _Z21suivreLigneSection3_2v
                0x000000000000237a                _Z21suivreLigneSection3_3v
                0x00000000000024f0                _Z19suivreLigneSection4v
                0x0000000000002830                _Z11parcours1_1v
                0x0000000000002844                _Z11parcours1_3v
                0x0000000000002858                _Z9parcours2v
                0x000000000000286c                _Z11parcours3_1v
                0x0000000000002880                _Z11parcours3_2v
                0x0000000000002894                _Z11parcours3_3v
                0x00000000000028a8                _Z9parcours4v
                0x00000000000028bc                _Z8parcoursi
                0x00000000000029a0                _Z11signalDebuti
                0x00000000000029da                _Z9signalFinv
 .text          0x0000000000002a0c       0x50 ../lib_dir//libstatique.a(Sonorite.o)
                0x0000000000002a0c                _ZN8SonoriteC1Ev
                0x0000000000002a0c                _ZN8SonoriteC2Ev
                0x0000000000002a0e                _ZN8Sonorite7notePWMEii
                0x0000000000002a56                _ZN8Sonorite9arretNoteEv
 .text          0x0000000000002a5c       0x5a ../lib_dir//libstatique.a(can.o)
                0x0000000000002a5c                _ZN3canC2Ev
                0x0000000000002a5c                _ZN3canC1Ev
                0x0000000000002a68                _ZN3canD1Ev
                0x0000000000002a68                _ZN3canD2Ev
                0x0000000000002a6e                _ZN3can7lectureEh
 .text          0x0000000000002ab6       0x54 ../lib_dir//libstatique.a(Minuterie.o)
                0x0000000000002ab6                _ZN9MinuterieC2Ev
                0x0000000000002ab6                _ZN9MinuterieC1Ev
                0x0000000000002abe                _ZN9Minuterie15partirMinuterieEj
                0x0000000000002aec                _ZN9Minuterie12byeMinuterieEv
                0x0000000000002af6                _ZN9Minuterie10getExpireeEv
                0x0000000000002afc                _ZN9Minuterie11getComenceeEv
                0x0000000000002b02                _ZN9Minuterie10setExpireeEv
 .text          0x0000000000002b0a       0x64 ../lib_dir//libstatique.a(Bouton.o)
                0x0000000000002b0a                _ZN6BoutonC2Ev
                0x0000000000002b0a                _ZN6BoutonC1Ev
                0x0000000000002b18                _ZN6Bouton14CheckIfPressedEv
                0x0000000000002b4e                _ZN6Bouton24initialisationIntExterneEv
                0x0000000000002b60                _ZN6Bouton17getBoutonPoussoirEv
                0x0000000000002b66                _ZN6Bouton10getPressedEv
 .text          0x0000000000002b6e      0x116 ../lib_dir//libstatique.a(Conducteur.o)
                0x0000000000002b6e                _ZN10ConducteurC2Ev
                0x0000000000002b6e                _ZN10ConducteurC1Ev
                0x0000000000002ba6                _ZN10Conducteur3PWMEjj9Direction
 .text          0x0000000000002c84        0x0 /usr/lib/gcc/avr/7.2.0/avr5/libgcc.a(_exit.o)
 .text          0x0000000000002c84        0x0 /usr/lib/gcc/avr/7.2.0/avr5/libgcc.a(_tablejump2.o)
 .text          0x0000000000002c84        0x0 /usr/lib/gcc/avr/7.2.0/avr5/libgcc.a(_copy_data.o)
 .text          0x0000000000002c84        0x0 /usr/lib/gcc/avr/7.2.0/avr5/libgcc.a(_clear_bss.o)
 .text          0x0000000000002c84        0x0 /usr/lib/gcc/avr/7.2.0/avr5/libgcc.a(_ctors.o)
 .text          0x0000000000002c84        0x0 /usr/lib/gcc/avr/7.2.0/avr5/libgcc.a(_dtors.o)
 .text          0x0000000000002c84        0x0 /usr/lib/gcc/avr/7.2.0/../../../../avr/lib/avr5/libm.a(fixunssfsi.o)
 .text          0x0000000000002c84        0x0 /usr/lib/gcc/avr/7.2.0/../../../../avr/lib/avr5/libm.a(floatsisf.o)
 .text          0x0000000000002c84        0x0 /usr/lib/gcc/avr/7.2.0/../../../../avr/lib/avr5/libm.a(fp_split3.o)
 .text          0x0000000000002c84        0x0 /usr/lib/gcc/avr/7.2.0/../../../../avr/lib/avr5/libm.a(fp_zero.o)
 .text          0x0000000000002c84        0x0 /usr/lib/gcc/avr/7.2.0/../../../../avr/lib/avr5/libm.a(mulsf3.o)
 .text          0x0000000000002c84        0x0 /usr/lib/gcc/avr/7.2.0/../../../../avr/lib/avr5/libm.a(mulsf3x.o)
 .text          0x0000000000002c84        0x0 /usr/lib/gcc/avr/7.2.0/../../../../avr/lib/avr5/libm.a(fp_inf.o)
 .text          0x0000000000002c84        0x0 /usr/lib/gcc/avr/7.2.0/../../../../avr/lib/avr5/libm.a(fp_nan.o)
 .text          0x0000000000002c84        0x0 /usr/lib/gcc/avr/7.2.0/../../../../avr/lib/avr5/libm.a(fp_pscA.o)
 .text          0x0000000000002c84        0x0 /usr/lib/gcc/avr/7.2.0/../../../../avr/lib/avr5/libm.a(fp_pscB.o)
 .text          0x0000000000002c84        0x0 /usr/lib/gcc/avr/7.2.0/../../../../avr/lib/avr5/libm.a(fp_round.o)
                0x0000000000002c84                . = ALIGN (0x2)
 *(.text.*)
 .text.startup  0x0000000000002c84       0x7c main.o
                0x0000000000002c84                main
 .text.exit     0x0000000000002d00        0x8 main.o
 .text.libgcc.mul
                0x0000000000002d08        0x0 /usr/lib/gcc/avr/7.2.0/avr5/libgcc.a(_exit.o)
 .text.libgcc.div
                0x0000000000002d08        0x0 /usr/lib/gcc/avr/7.2.0/avr5/libgcc.a(_exit.o)
 .text.libgcc   0x0000000000002d08        0x0 /usr/lib/gcc/avr/7.2.0/avr5/libgcc.a(_exit.o)
 .text.libgcc.prologue
                0x0000000000002d08        0x0 /usr/lib/gcc/avr/7.2.0/avr5/libgcc.a(_exit.o)
 .text.libgcc.builtins
                0x0000000000002d08        0x0 /usr/lib/gcc/avr/7.2.0/avr5/libgcc.a(_exit.o)
 .text.libgcc.fmul
                0x0000000000002d08        0x0 /usr/lib/gcc/avr/7.2.0/avr5/libgcc.a(_exit.o)
 .text.libgcc.fixed
                0x0000000000002d08        0x0 /usr/lib/gcc/avr/7.2.0/avr5/libgcc.a(_exit.o)
 .text.libgcc.mul
                0x0000000000002d08        0x0 /usr/lib/gcc/avr/7.2.0/avr5/libgcc.a(_tablejump2.o)
 .text.libgcc.div
                0x0000000000002d08        0x0 /usr/lib/gcc/avr/7.2.0/avr5/libgcc.a(_tablejump2.o)
 .text.libgcc   0x0000000000002d08        0xc /usr/lib/gcc/avr/7.2.0/avr5/libgcc.a(_tablejump2.o)
                0x0000000000002d08                __tablejump2__
 .text.libgcc.prologue
                0x0000000000002d14        0x0 /usr/lib/gcc/avr/7.2.0/avr5/libgcc.a(_tablejump2.o)
 .text.libgcc.builtins
                0x0000000000002d14        0x0 /usr/lib/gcc/avr/7.2.0/avr5/libgcc.a(_tablejump2.o)
 .text.libgcc.fmul
                0x0000000000002d14        0x0 /usr/lib/gcc/avr/7.2.0/avr5/libgcc.a(_tablejump2.o)
 .text.libgcc.fixed
                0x0000000000002d14        0x0 /usr/lib/gcc/avr/7.2.0/avr5/libgcc.a(_tablejump2.o)
 .text.libgcc.mul
                0x0000000000002d14        0x0 /usr/lib/gcc/avr/7.2.0/avr5/libgcc.a(_copy_data.o)
 .text.libgcc.div
                0x0000000000002d14        0x0 /usr/lib/gcc/avr/7.2.0/avr5/libgcc.a(_copy_data.o)
 .text.libgcc   0x0000000000002d14        0x0 /usr/lib/gcc/avr/7.2.0/avr5/libgcc.a(_copy_data.o)
 .text.libgcc.prologue
                0x0000000000002d14        0x0 /usr/lib/gcc/avr/7.2.0/avr5/libgcc.a(_copy_data.o)
 .text.libgcc.builtins
                0x0000000000002d14        0x0 /usr/lib/gcc/avr/7.2.0/avr5/libgcc.a(_copy_data.o)
 .text.libgcc.fmul
                0x0000000000002d14        0x0 /usr/lib/gcc/avr/7.2.0/avr5/libgcc.a(_copy_data.o)
 .text.libgcc.fixed
                0x0000000000002d14        0x0 /usr/lib/gcc/avr/7.2.0/avr5/libgcc.a(_copy_data.o)
 .text.libgcc.mul
                0x0000000000002d14        0x0 /usr/lib/gcc/avr/7.2.0/avr5/libgcc.a(_clear_bss.o)
 .text.libgcc.div
                0x0000000000002d14        0x0 /usr/lib/gcc/avr/7.2.0/avr5/libgcc.a(_clear_bss.o)
 .text.libgcc   0x0000000000002d14        0x0 /usr/lib/gcc/avr/7.2.0/avr5/libgcc.a(_clear_bss.o)
 .text.libgcc.prologue
                0x0000000000002d14        0x0 /usr/lib/gcc/avr/7.2.0/avr5/libgcc.a(_clear_bss.o)
 .text.libgcc.builtins
                0x0000000000002d14        0x0 /usr/lib/gcc/avr/7.2.0/avr5/libgcc.a(_clear_bss.o)
 .text.libgcc.fmul
                0x0000000000002d14        0x0 /usr/lib/gcc/avr/7.2.0/avr5/libgcc.a(_clear_bss.o)
 .text.libgcc.fixed
                0x0000000000002d14        0x0 /usr/lib/gcc/avr/7.2.0/avr5/libgcc.a(_clear_bss.o)
 .text.libgcc.mul
                0x0000000000002d14        0x0 /usr/lib/gcc/avr/7.2.0/avr5/libgcc.a(_ctors.o)
 .text.libgcc.div
                0x0000000000002d14        0x0 /usr/lib/gcc/avr/7.2.0/avr5/libgcc.a(_ctors.o)
 .text.libgcc   0x0000000000002d14        0x0 /usr/lib/gcc/avr/7.2.0/avr5/libgcc.a(_ctors.o)
 .text.libgcc.prologue
                0x0000000000002d14        0x0 /usr/lib/gcc/avr/7.2.0/avr5/libgcc.a(_ctors.o)
 .text.libgcc.builtins
                0x0000000000002d14        0x0 /usr/lib/gcc/avr/7.2.0/avr5/libgcc.a(_ctors.o)
 .text.libgcc.fmul
                0x0000000000002d14        0x0 /usr/lib/gcc/avr/7.2.0/avr5/libgcc.a(_ctors.o)
 .text.libgcc.fixed
                0x0000000000002d14        0x0 /usr/lib/gcc/avr/7.2.0/avr5/libgcc.a(_ctors.o)
 .text.libgcc.mul
                0x0000000000002d14        0x0 /usr/lib/gcc/avr/7.2.0/avr5/libgcc.a(_dtors.o)
 .text.libgcc.div
                0x0000000000002d14        0x0 /usr/lib/gcc/avr/7.2.0/avr5/libgcc.a(_dtors.o)
 .text.libgcc   0x0000000000002d14        0x0 /usr/lib/gcc/avr/7.2.0/avr5/libgcc.a(_dtors.o)
 .text.libgcc.prologue
                0x0000000000002d14        0x0 /usr/lib/gcc/avr/7.2.0/avr5/libgcc.a(_dtors.o)
 .text.libgcc.builtins
                0x0000000000002d14        0x0 /usr/lib/gcc/avr/7.2.0/avr5/libgcc.a(_dtors.o)
 .text.libgcc.fmul
                0x0000000000002d14        0x0 /usr/lib/gcc/avr/7.2.0/avr5/libgcc.a(_dtors.o)
 .text.libgcc.fixed
                0x0000000000002d14        0x0 /usr/lib/gcc/avr/7.2.0/avr5/libgcc.a(_dtors.o)
 .text.avr-libc.fplib
                0x0000000000002d14       0x5e /usr/lib/gcc/avr/7.2.0/../../../../avr/lib/avr5/libm.a(fixunssfsi.o)
                0x0000000000002d14                __fixunssfsi
 .text.avr-libc.fplib
                0x0000000000002d72       0x7a /usr/lib/gcc/avr/7.2.0/../../../../avr/lib/avr5/libm.a(floatsisf.o)
                0x0000000000002d72                __floatunsisf
                0x0000000000002d76                __floatsisf
 .text.avr-libc.fplib
                0x0000000000002dec       0x44 /usr/lib/gcc/avr/7.2.0/../../../../avr/lib/avr5/libm.a(fp_split3.o)
                0x0000000000002dec                __fp_split3
                0x0000000000002dfc                __fp_splitA
 .text.avr-libc.fplib
                0x0000000000002e30        0xe /usr/lib/gcc/avr/7.2.0/../../../../avr/lib/avr5/libm.a(fp_zero.o)
                0x0000000000002e30                __fp_zero
                0x0000000000002e32                __fp_szero
 .text.avr-libc.fplib
                0x0000000000002e3e        0x8 /usr/lib/gcc/avr/7.2.0/../../../../avr/lib/avr5/libm.a(mulsf3.o)
                0x0000000000002e3e                __mulsf3
 .text.avr-libc.fplib
                0x0000000000002e46       0xd2 /usr/lib/gcc/avr/7.2.0/../../../../avr/lib/avr5/libm.a(mulsf3x.o)
                0x0000000000002e64                __mulsf3x
                0x0000000000002e6a                __mulsf3_pse
 .text.avr-libc.fplib
                0x0000000000002f18        0xc /usr/lib/gcc/avr/7.2.0/../../../../avr/lib/avr5/libm.a(fp_inf.o)
                0x0000000000002f18                __fp_inf
 .text.avr-libc.fplib
                0x0000000000002f24        0x6 /usr/lib/gcc/avr/7.2.0/../../../../avr/lib/avr5/libm.a(fp_nan.o)
                0x0000000000002f24                __fp_nan
 .text.avr-libc.fplib
                0x0000000000002f2a        0xe /usr/lib/gcc/avr/7.2.0/../../../../avr/lib/avr5/libm.a(fp_pscA.o)
                0x0000000000002f2a                __fp_pscA
 .text.avr-libc.fplib
                0x0000000000002f38        0xe /usr/lib/gcc/avr/7.2.0/../../../../avr/lib/avr5/libm.a(fp_pscB.o)
                0x0000000000002f38                __fp_pscB
 .text.avr-libc.fplib
                0x0000000000002f46       0x22 /usr/lib/gcc/avr/7.2.0/../../../../avr/lib/avr5/libm.a(fp_round.o)
                0x0000000000002f46                __fp_round
                0x0000000000002f68                . = ALIGN (0x2)
 *(.fini9)
 .fini9         0x0000000000002f68        0x0 /usr/lib/gcc/avr/7.2.0/avr5/libgcc.a(_exit.o)
                0x0000000000002f68                exit
                0x0000000000002f68                _exit
 *(.fini9)
 *(.fini8)
 *(.fini8)
 *(.fini7)
 *(.fini7)
 *(.fini6)
 .fini6         0x0000000000002f68       0x16 /usr/lib/gcc/avr/7.2.0/avr5/libgcc.a(_dtors.o)
                0x0000000000002f68                __do_global_dtors
 *(.fini6)
 *(.fini5)
 *(.fini5)
 *(.fini4)
 *(.fini4)
 *(.fini3)
 *(.fini3)
 *(.fini2)
 *(.fini2)
 *(.fini1)
 *(.fini1)
 *(.fini0)
 .fini0         0x0000000000002f7e        0x4 /usr/lib/gcc/avr/7.2.0/avr5/libgcc.a(_exit.o)
 *(.fini0)
 *(.hightext)
 *(.hightext*)
 *(.progmemx.*)
                0x0000000000002f82                . = ALIGN (0x2)
 *(.jumptables)
 *(.jumptables*)
                0x0000000000002f82                _etext = .

.data           0x0000000000800100       0xa0 load address 0x0000000000002f82
                0x0000000000800100                PROVIDE (__data_start = .)
 *(.data)
 .data          0x0000000000800100        0x0 /usr/lib/gcc/avr/7.2.0/../../../../avr/lib/avr5/crtatmega324pa.o
 .data          0x0000000000800100        0xb main.o
                0x0000000000800100                compteurMinuteries
                0x0000000000800101                parcoursGO
                0x0000000000800102                tourne
                0x0000000000800103                suivre3_2
                0x0000000000800104                detectionSection4
                0x0000000000800105                detectionSection3_3
                0x0000000000800106                detectionSection3_2
                0x0000000000800107                detectionSection3_1
                0x0000000000800108                detectionSection2
                0x0000000000800109                detectionSection1_3
                0x000000000080010a                detectionSection1_1
 .data          0x000000000080010b        0x0 ../lib_dir//libstatique.a(Sonorite.o)
 .data          0x000000000080010b        0x0 ../lib_dir//libstatique.a(can.o)
 .data          0x000000000080010b        0x0 ../lib_dir//libstatique.a(Minuterie.o)
 .data          0x000000000080010b        0x0 ../lib_dir//libstatique.a(Bouton.o)
 .data          0x000000000080010b        0x0 ../lib_dir//libstatique.a(Conducteur.o)
 .data          0x000000000080010b        0x0 /usr/lib/gcc/avr/7.2.0/avr5/libgcc.a(_exit.o)
 .data          0x000000000080010b        0x0 /usr/lib/gcc/avr/7.2.0/avr5/libgcc.a(_tablejump2.o)
 .data          0x000000000080010b        0x0 /usr/lib/gcc/avr/7.2.0/avr5/libgcc.a(_copy_data.o)
 .data          0x000000000080010b        0x0 /usr/lib/gcc/avr/7.2.0/avr5/libgcc.a(_clear_bss.o)
 .data          0x000000000080010b        0x0 /usr/lib/gcc/avr/7.2.0/avr5/libgcc.a(_ctors.o)
 .data          0x000000000080010b        0x0 /usr/lib/gcc/avr/7.2.0/avr5/libgcc.a(_dtors.o)
 .data          0x000000000080010b        0x0 /usr/lib/gcc/avr/7.2.0/../../../../avr/lib/avr5/libm.a(fixunssfsi.o)
 .data          0x000000000080010b        0x0 /usr/lib/gcc/avr/7.2.0/../../../../avr/lib/avr5/libm.a(floatsisf.o)
 .data          0x000000000080010b        0x0 /usr/lib/gcc/avr/7.2.0/../../../../avr/lib/avr5/libm.a(fp_split3.o)
 .data          0x000000000080010b        0x0 /usr/lib/gcc/avr/7.2.0/../../../../avr/lib/avr5/libm.a(fp_zero.o)
 .data          0x000000000080010b        0x0 /usr/lib/gcc/avr/7.2.0/../../../../avr/lib/avr5/libm.a(mulsf3.o)
 .data          0x000000000080010b        0x0 /usr/lib/gcc/avr/7.2.0/../../../../avr/lib/avr5/libm.a(mulsf3x.o)
 .data          0x000000000080010b        0x0 /usr/lib/gcc/avr/7.2.0/../../../../avr/lib/avr5/libm.a(fp_inf.o)
 .data          0x000000000080010b        0x0 /usr/lib/gcc/avr/7.2.0/../../../../avr/lib/avr5/libm.a(fp_nan.o)
 .data          0x000000000080010b        0x0 /usr/lib/gcc/avr/7.2.0/../../../../avr/lib/avr5/libm.a(fp_pscA.o)
 .data          0x000000000080010b        0x0 /usr/lib/gcc/avr/7.2.0/../../../../avr/lib/avr5/libm.a(fp_pscB.o)
 .data          0x000000000080010b        0x0 /usr/lib/gcc/avr/7.2.0/../../../../avr/lib/avr5/libm.a(fp_round.o)
 *(.data*)
 *(.gnu.linkonce.d*)
 *(.rodata)
 .rodata        0x000000000080010b       0x94 ../lib_dir//libstatique.a(Sonorite.o)
 *(.rodata*)
 *(.gnu.linkonce.r*)
                0x00000000008001a0                . = ALIGN (0x2)
 *fill*         0x000000000080019f        0x1 
                0x00000000008001a0                _edata = .
                0x00000000008001a0                PROVIDE (__data_end = .)

.bss            0x00000000008001a0       0x10
                0x00000000008001a0                PROVIDE (__bss_start = .)
 *(.bss)
 .bss           0x00000000008001a0        0x0 /usr/lib/gcc/avr/7.2.0/../../../../avr/lib/avr5/crtatmega324pa.o
 .bss           0x00000000008001a0       0x10 main.o
                0x00000000008001a0                compteurEnd
                0x00000000008001a1                compteurBouton
                0x00000000008001a2                boolParcours3
                0x00000000008001a3                boolParcours1
                0x00000000008001a4                compteurGO
                0x00000000008001a5                ligneGauche
                0x00000000008001a6                compteur3_2
                0x00000000008001a7                bouton
                0x00000000008001aa                minuterie
                0x00000000008001ac                son
                0x00000000008001ad                conducteur
                0x00000000008001af                can
 .bss           0x00000000008001b0        0x0 ../lib_dir//libstatique.a(Sonorite.o)
 .bss           0x00000000008001b0        0x0 ../lib_dir//libstatique.a(can.o)
 .bss           0x00000000008001b0        0x0 ../lib_dir//libstatique.a(Minuterie.o)
 .bss           0x00000000008001b0        0x0 ../lib_dir//libstatique.a(Bouton.o)
 .bss           0x00000000008001b0        0x0 ../lib_dir//libstatique.a(Conducteur.o)
 .bss           0x00000000008001b0        0x0 /usr/lib/gcc/avr/7.2.0/avr5/libgcc.a(_exit.o)
 .bss           0x00000000008001b0        0x0 /usr/lib/gcc/avr/7.2.0/avr5/libgcc.a(_tablejump2.o)
 .bss           0x00000000008001b0        0x0 /usr/lib/gcc/avr/7.2.0/avr5/libgcc.a(_copy_data.o)
 .bss           0x00000000008001b0        0x0 /usr/lib/gcc/avr/7.2.0/avr5/libgcc.a(_clear_bss.o)
 .bss           0x00000000008001b0        0x0 /usr/lib/gcc/avr/7.2.0/avr5/libgcc.a(_ctors.o)
 .bss           0x00000000008001b0        0x0 /usr/lib/gcc/avr/7.2.0/avr5/libgcc.a(_dtors.o)
 .bss           0x00000000008001b0        0x0 /usr/lib/gcc/avr/7.2.0/../../../../avr/lib/avr5/libm.a(fixunssfsi.o)
 .bss           0x00000000008001b0        0x0 /usr/lib/gcc/avr/7.2.0/../../../../avr/lib/avr5/libm.a(floatsisf.o)
 .bss           0x00000000008001b0        0x0 /usr/lib/gcc/avr/7.2.0/../../../../avr/lib/avr5/libm.a(fp_split3.o)
 .bss           0x00000000008001b0        0x0 /usr/lib/gcc/avr/7.2.0/../../../../avr/lib/avr5/libm.a(fp_zero.o)
 .bss           0x00000000008001b0        0x0 /usr/lib/gcc/avr/7.2.0/../../../../avr/lib/avr5/libm.a(mulsf3.o)
 .bss           0x00000000008001b0        0x0 /usr/lib/gcc/avr/7.2.0/../../../../avr/lib/avr5/libm.a(mulsf3x.o)
 .bss           0x00000000008001b0        0x0 /usr/lib/gcc/avr/7.2.0/../../../../avr/lib/avr5/libm.a(fp_inf.o)
 .bss           0x00000000008001b0        0x0 /usr/lib/gcc/avr/7.2.0/../../../../avr/lib/avr5/libm.a(fp_nan.o)
 .bss           0x00000000008001b0        0x0 /usr/lib/gcc/avr/7.2.0/../../../../avr/lib/avr5/libm.a(fp_pscA.o)
 .bss           0x00000000008001b0        0x0 /usr/lib/gcc/avr/7.2.0/../../../../avr/lib/avr5/libm.a(fp_pscB.o)
 .bss           0x00000000008001b0        0x0 /usr/lib/gcc/avr/7.2.0/../../../../avr/lib/avr5/libm.a(fp_round.o)
 *(.bss*)
 *(COMMON)
                0x00000000008001b0                PROVIDE (__bss_end = .)
                0x0000000000002f82                __data_load_start = LOADADDR (.data)
                0x0000000000003022                __data_load_end = (__data_load_start + SIZEOF (.data))

.noinit         0x00000000008001b0        0x0
                [!provide]                        PROVIDE (__noinit_start = .)
 *(.noinit*)
                [!provide]                        PROVIDE (__noinit_end = .)
                0x00000000008001b0                _end = .
                [!provide]                        PROVIDE (__heap_start = .)

.eeprom         0x0000000000810000        0x0
 *(.eeprom*)
                0x0000000000810000                __eeprom_end = .

.fuse
 *(.fuse)
 *(.lfuse)
 *(.hfuse)
 *(.efuse)

.lock
 *(.lock*)

.signature
 *(.signature*)

.stab           0x0000000000000000     0x7368
 *(.stab)
 .stab          0x0000000000000000     0x4db8 main.o
 .stab          0x0000000000004db8      0x624 ../lib_dir//libstatique.a(Sonorite.o)
                                        0x630 (size before relaxing)
 .stab          0x00000000000053dc      0x63c ../lib_dir//libstatique.a(can.o)
                                        0x648 (size before relaxing)
 .stab          0x0000000000005a18      0x738 ../lib_dir//libstatique.a(Minuterie.o)
                                        0x744 (size before relaxing)
 .stab          0x0000000000006150      0x6f0 ../lib_dir//libstatique.a(Bouton.o)
                                        0x6fc (size before relaxing)
 .stab          0x0000000000006840      0x6e4 ../lib_dir//libstatique.a(Conducteur.o)
                                        0x6f0 (size before relaxing)
 .stab          0x0000000000006f24       0x6c /usr/lib/gcc/avr/7.2.0/avr5/libgcc.a(_exit.o)
                                         0x78 (size before relaxing)
 .stab          0x0000000000006f90       0x9c /usr/lib/gcc/avr/7.2.0/avr5/libgcc.a(_tablejump2.o)
                                         0xa8 (size before relaxing)
 .stab          0x000000000000702c       0xd8 /usr/lib/gcc/avr/7.2.0/avr5/libgcc.a(_copy_data.o)
                                         0xe4 (size before relaxing)
 .stab          0x0000000000007104       0xb4 /usr/lib/gcc/avr/7.2.0/avr5/libgcc.a(_clear_bss.o)
                                         0xc0 (size before relaxing)
 .stab          0x00000000000071b8       0xd8 /usr/lib/gcc/avr/7.2.0/avr5/libgcc.a(_ctors.o)
                                         0xe4 (size before relaxing)
 .stab          0x0000000000007290       0xd8 /usr/lib/gcc/avr/7.2.0/avr5/libgcc.a(_dtors.o)
                                         0xe4 (size before relaxing)

.stabstr        0x0000000000000000     0x2a9e
 *(.stabstr)
 .stabstr       0x0000000000000000     0x2a9e main.o

.stab.excl
 *(.stab.excl)

.stab.exclstr
 *(.stab.exclstr)

.stab.index
 *(.stab.index)

.stab.indexstr
 *(.stab.indexstr)

.comment        0x0000000000000000       0x21
 *(.comment)
 .comment       0x0000000000000000       0x21 main.o
                                         0x22 (size before relaxing)
 .comment       0x0000000000000021       0x22 ../lib_dir//libstatique.a(Sonorite.o)
 .comment       0x0000000000000021       0x22 ../lib_dir//libstatique.a(can.o)
 .comment       0x0000000000000021       0x22 ../lib_dir//libstatique.a(Minuterie.o)
 .comment       0x0000000000000021       0x22 ../lib_dir//libstatique.a(Bouton.o)
 .comment       0x0000000000000021       0x22 ../lib_dir//libstatique.a(Conducteur.o)

.note.gnu.avr.deviceinfo
                0x0000000000000000       0x40
 .note.gnu.avr.deviceinfo
                0x0000000000000000       0x40 /usr/lib/gcc/avr/7.2.0/../../../../avr/lib/avr5/crtatmega324pa.o

.avr.prop       0x0000000000000000       0x16
 .avr.prop      0x0000000000000000       0x16 main.o

.note.gnu.build-id
 *(.note.gnu.build-id)

.debug
 *(.debug)

.line
 *(.line)

.debug_srcinfo
 *(.debug_srcinfo)

.debug_sfnames
 *(.debug_sfnames)

.debug_aranges
 *(.debug_aranges)

.debug_pubnames
 *(.debug_pubnames)

.debug_info     0x0000000000000000      0x6cc
 *(.debug_info .gnu.linkonce.wi.*)
 .debug_info    0x0000000000000000      0x6cc /usr/lib/gcc/avr/7.2.0/../../../../avr/lib/avr5/crtatmega324pa.o

.debug_abbrev   0x0000000000000000      0x66e
 *(.debug_abbrev)
 .debug_abbrev  0x0000000000000000      0x66e /usr/lib/gcc/avr/7.2.0/../../../../avr/lib/avr5/crtatmega324pa.o

.debug_line     0x0000000000000000       0x1d
 *(.debug_line .debug_line.* .debug_line_end)
 .debug_line    0x0000000000000000       0x1d /usr/lib/gcc/avr/7.2.0/../../../../avr/lib/avr5/crtatmega324pa.o

.debug_frame
 *(.debug_frame)

.debug_str      0x0000000000000000      0x255
 *(.debug_str)
 .debug_str     0x0000000000000000      0x255 /usr/lib/gcc/avr/7.2.0/../../../../avr/lib/avr5/crtatmega324pa.o

.debug_loc
 *(.debug_loc)

.debug_macinfo
 *(.debug_macinfo)

.debug_weaknames
 *(.debug_weaknames)

.debug_funcnames
 *(.debug_funcnames)

.debug_typenames
 *(.debug_typenames)

.debug_varnames
 *(.debug_varnames)

.debug_pubtypes
 *(.debug_pubtypes)

.debug_ranges
 *(.debug_ranges)

.debug_macro
 *(.debug_macro)

.debug_addr
 *(.debug_addr)
OUTPUT(MakeFileExecutable.out elf32-avr)
LOAD linker stubs
