Archive member included to satisfy reference by file (symbol)

/usr/lib/gcc/avr/7.2.0/avr5/libgcc.a(_exit.o)
                              /usr/lib/gcc/avr/7.2.0/../../../../avr/lib/avr5/crtatmega324pa.o (exit)
/usr/lib/gcc/avr/7.2.0/avr5/libgcc.a(_tablejump2.o)
                              EmetteurIR.o (__tablejump2__)
/usr/lib/gcc/avr/7.2.0/avr5/libgcc.a(_copy_data.o)
                              memoire_24.o (__do_copy_data)
/usr/lib/gcc/avr/7.2.0/avr5/libgcc.a(_clear_bss.o)
                              main.o (__do_clear_bss)
/usr/lib/gcc/avr/7.2.0/avr5/libgcc.a(_ctors.o)
                              main.o (__do_global_ctors)
/usr/lib/gcc/avr/7.2.0/avr5/libgcc.a(_dtors.o)
                              main.o (__do_global_dtors)

Memory Configuration

Name             Origin             Length             Attributes
text             0x0000000000000000 0x0000000000020000 xr
data             0x0000000000800060 0x000000000000ffa0 rw !x
eeprom           0x0000000000810000 0x0000000000010000 rw !x
fuse             0x0000000000820000 0x0000000000000003 rw !x
lock             0x0000000000830000 0x0000000000000400 rw !x
signature        0x0000000000840000 0x0000000000000400 rw !x
user_signatures  0x0000000000850000 0x0000000000000400 rw !x
*default*        0x0000000000000000 0xffffffffffffffff

Linker script and memory map

Address of section .data set to 0x800100
LOAD /usr/lib/gcc/avr/7.2.0/../../../../avr/lib/avr5/crtatmega324pa.o
LOAD Minuterie.o
LOAD EmetteurIR.o
LOAD Bouton.o
LOAD memoire_24.o
LOAD PWM.o
LOAD main.o
LOAD AffichageMemoire.o
LOAD can.o
LOAD DEL.o
LOAD RecepteurIR.o
LOAD /usr/lib/gcc/avr/7.2.0/../../../../avr/lib/avr5/libm.a
START GROUP
LOAD /usr/lib/gcc/avr/7.2.0/avr5/libgcc.a
LOAD /usr/lib/gcc/avr/7.2.0/../../../../avr/lib/avr5/libm.a
LOAD /usr/lib/gcc/avr/7.2.0/../../../../avr/lib/avr5/libc.a
LOAD /usr/lib/gcc/avr/7.2.0/../../../../avr/lib/avr5/libatmega324pa.a
END GROUP
                0x0000000000020000                __TEXT_REGION_LENGTH__ = DEFINED (__TEXT_REGION_LENGTH__)?__TEXT_REGION_LENGTH__:0x20000
                0x000000000000ffa0                __DATA_REGION_LENGTH__ = DEFINED (__DATA_REGION_LENGTH__)?__DATA_REGION_LENGTH__:0xffa0
                0x0000000000010000                __EEPROM_REGION_LENGTH__ = DEFINED (__EEPROM_REGION_LENGTH__)?__EEPROM_REGION_LENGTH__:0x10000
                [0x0000000000000003]                __FUSE_REGION_LENGTH__ = DEFINED (__FUSE_REGION_LENGTH__)?__FUSE_REGION_LENGTH__:0x400
                0x0000000000000400                __LOCK_REGION_LENGTH__ = DEFINED (__LOCK_REGION_LENGTH__)?__LOCK_REGION_LENGTH__:0x400
                0x0000000000000400                __SIGNATURE_REGION_LENGTH__ = DEFINED (__SIGNATURE_REGION_LENGTH__)?__SIGNATURE_REGION_LENGTH__:0x400
                0x0000000000000400                __USER_SIGNATURE_REGION_LENGTH__ = DEFINED (__USER_SIGNATURE_REGION_LENGTH__)?__USER_SIGNATURE_REGION_LENGTH__:0x400

.hash
 *(.hash)

.dynsym
 *(.dynsym)

.dynstr
 *(.dynstr)

.gnu.version
 *(.gnu.version)

.gnu.version_d
 *(.gnu.version_d)

.gnu.version_r
 *(.gnu.version_r)

.rel.init
 *(.rel.init)

.rela.init
 *(.rela.init)

.rel.text
 *(.rel.text)
 *(.rel.text.*)
 *(.rel.gnu.linkonce.t*)

.rela.text
 *(.rela.text)
 *(.rela.text.*)
 *(.rela.gnu.linkonce.t*)

.rel.fini
 *(.rel.fini)

.rela.fini
 *(.rela.fini)

.rel.rodata
 *(.rel.rodata)
 *(.rel.rodata.*)
 *(.rel.gnu.linkonce.r*)

.rela.rodata
 *(.rela.rodata)
 *(.rela.rodata.*)
 *(.rela.gnu.linkonce.r*)

.rel.data
 *(.rel.data)
 *(.rel.data.*)
 *(.rel.gnu.linkonce.d*)

.rela.data
 *(.rela.data)
 *(.rela.data.*)
 *(.rela.gnu.linkonce.d*)

.rel.ctors
 *(.rel.ctors)

.rela.ctors
 *(.rela.ctors)

.rel.dtors
 *(.rel.dtors)

.rela.dtors
 *(.rela.dtors)

.rel.got
 *(.rel.got)

.rela.got
 *(.rela.got)

.rel.bss
 *(.rel.bss)

.rela.bss
 *(.rela.bss)

.rel.plt
 *(.rel.plt)

.rela.plt
 *(.rela.plt)

.text           0x0000000000000000      0xc44
 *(.vectors)
 .vectors       0x0000000000000000       0x7c /usr/lib/gcc/avr/7.2.0/../../../../avr/lib/avr5/crtatmega324pa.o
                0x0000000000000000                __vectors
                0x0000000000000000                __vector_default
 *(.vectors)
 *(.progmem.gcc*)
                0x000000000000007c                . = ALIGN (0x2)
                0x000000000000007c                __trampolines_start = .
 *(.trampolines)
 .trampolines   0x000000000000007c        0x0 linker stubs
 *(.trampolines*)
                0x000000000000007c                __trampolines_end = .
 *libprintf_flt.a:*(.progmem.data)
 *libc.a:*(.progmem.data)
 *(.progmem.*)
                0x000000000000007c                . = ALIGN (0x2)
 *(.lowtext)
 *(.lowtext*)
                0x000000000000007c                __ctors_start = .
 *(.ctors)
 .ctors         0x000000000000007c        0x2 main.o
                0x000000000000007e                __ctors_end = .
                0x000000000000007e                __dtors_start = .
 *(.dtors)
 .dtors         0x000000000000007e        0x2 main.o
                0x0000000000000080                __dtors_end = .
 SORT_BY_NAME(*)(.ctors)
 SORT_BY_NAME(*)(.dtors)
 *(.init0)
 .init0         0x0000000000000080        0x0 /usr/lib/gcc/avr/7.2.0/../../../../avr/lib/avr5/crtatmega324pa.o
                0x0000000000000080                __init
 *(.init0)
 *(.init1)
 *(.init1)
 *(.init2)
 .init2         0x0000000000000080        0xc /usr/lib/gcc/avr/7.2.0/../../../../avr/lib/avr5/crtatmega324pa.o
 *(.init2)
 *(.init3)
 *(.init3)
 *(.init4)
 .init4         0x000000000000008c       0x16 /usr/lib/gcc/avr/7.2.0/avr5/libgcc.a(_copy_data.o)
                0x000000000000008c                __do_copy_data
 .init4         0x00000000000000a2       0x10 /usr/lib/gcc/avr/7.2.0/avr5/libgcc.a(_clear_bss.o)
                0x00000000000000a2                __do_clear_bss
 *(.init4)
 *(.init5)
 *(.init5)
 *(.init6)
 .init6         0x00000000000000b2       0x16 /usr/lib/gcc/avr/7.2.0/avr5/libgcc.a(_ctors.o)
                0x00000000000000b2                __do_global_ctors
 *(.init6)
 *(.init7)
 *(.init7)
 *(.init8)
 *(.init8)
 *(.init9)
 .init9         0x00000000000000c8        0x8 /usr/lib/gcc/avr/7.2.0/../../../../avr/lib/avr5/crtatmega324pa.o
 *(.init9)
 *(.text)
 .text          0x00000000000000d0        0x4 /usr/lib/gcc/avr/7.2.0/../../../../avr/lib/avr5/crtatmega324pa.o
                0x00000000000000d0                __vector_22
                0x00000000000000d0                __vector_28
                0x00000000000000d0                __vector_24
                0x00000000000000d0                __vector_12
                0x00000000000000d0                __bad_interrupt
                0x00000000000000d0                __vector_6
                0x00000000000000d0                __vector_3
                0x00000000000000d0                __vector_23
                0x00000000000000d0                __vector_30
                0x00000000000000d0                __vector_25
                0x00000000000000d0                __vector_11
                0x00000000000000d0                __vector_17
                0x00000000000000d0                __vector_19
                0x00000000000000d0                __vector_7
                0x00000000000000d0                __vector_27
                0x00000000000000d0                __vector_5
                0x00000000000000d0                __vector_4
                0x00000000000000d0                __vector_9
                0x00000000000000d0                __vector_2
                0x00000000000000d0                __vector_21
                0x00000000000000d0                __vector_15
                0x00000000000000d0                __vector_29
                0x00000000000000d0                __vector_8
                0x00000000000000d0                __vector_26
                0x00000000000000d0                __vector_14
                0x00000000000000d0                __vector_10
                0x00000000000000d0                __vector_16
                0x00000000000000d0                __vector_18
                0x00000000000000d0                __vector_20
 .text          0x00000000000000d4       0x42 Minuterie.o
                0x00000000000000d4                _ZN9MinuterieC2Ev
                0x00000000000000d4                _ZN9MinuterieC1Ev
                0x00000000000000dc                _ZN9Minuterie15partirMinuterieEh
                0x0000000000000102                _ZN9Minuterie10getExpireeEv
                0x0000000000000108                _ZN9Minuterie11getComenceeEv
                0x000000000000010e                _ZN9Minuterie10setExpireeEv
 .text          0x0000000000000116      0x1de EmetteurIR.o
                0x0000000000000166                _ZN10EmetteurIRC1Ev
                0x0000000000000166                _ZN10EmetteurIRC2Ev
                0x000000000000018a                _ZN10EmetteurIR10modulationEc
                0x00000000000001da                _ZN10EmetteurIR8EnvoieIREv
 .text          0x00000000000002f4       0x68 Bouton.o
                0x00000000000002f4                _ZN6BoutonC2Ev
                0x00000000000002f4                _ZN6BoutonC1Ev
                0x0000000000000302                _ZN6Bouton14CheckIfPressedEv
                0x0000000000000338                _ZN6Bouton24initialisationIntExterneEv
                0x000000000000034e                _ZN6Bouton17getBoutonPoussoirEv
                0x0000000000000354                _ZN6Bouton10getPressedEv
 .text          0x000000000000035c      0x352 memoire_24.o
                0x000000000000035c                _ZN13Memoire24CXXXD2Ev
                0x000000000000035c                _ZN13Memoire24CXXXD1Ev
                0x000000000000035e                _ZN13Memoire24CXXX4initEv
                0x0000000000000370                _ZN13Memoire24CXXXC2Ev
                0x0000000000000370                _ZN13Memoire24CXXXC1Ev
                0x000000000000037a                _ZN13Memoire24CXXX12choisir_bancEh
                0x0000000000000390                _ZN13Memoire24CXXX7lectureEjPh
                0x0000000000000452                _ZN13Memoire24CXXX7lectureEjPhh
                0x000000000000051a                _ZN13Memoire24CXXX8ecritureEjh
                0x00000000000005aa                _ZN13Memoire24CXXX11ecrire_pageEjPhh
                0x0000000000000668                _ZN13Memoire24CXXX8ecritureEjPhh
 .text          0x00000000000006ae       0x16 PWM.o
                0x00000000000006ae                _Z3PWMi
 .text          0x00000000000006c4       0xfc main.o
                0x00000000000006c4                __vector_13
                0x0000000000000740                __vector_1
 .text          0x00000000000007c0       0xb6 AffichageMemoire.o
                0x00000000000007c0                _ZN4UARTC2Ev
                0x00000000000007c0                _ZN4UARTC1Ev
                0x00000000000007cc                _ZN4UART18initialisationUARTEv
                0x00000000000007e8                _ZN4UART16transmissionUARTEh
                0x00000000000007f6                _ZN4UART11lectureUARTEv
                0x0000000000000804                _ZN4UART16affichageMemoireEv
 .text          0x0000000000000876       0x5a can.o
                0x0000000000000876                _ZN3canC2Ev
                0x0000000000000876                _ZN3canC1Ev
                0x0000000000000882                _ZN3canD1Ev
                0x0000000000000882                _ZN3canD2Ev
                0x0000000000000888                _ZN3can7lectureEh
 .text          0x00000000000008d0       0x6a DEL.o
                0x00000000000008d0                _ZN3DELC1Ev
                0x00000000000008d0                _ZN3DELC2Ev
                0x00000000000008d2                _ZN3DEL10allumerDELEhci
 .text          0x000000000000093a      0x18e RecepteurIR.o
                0x000000000000093a                _ZN11RecepteurIRC1Ev
                0x000000000000093a                _ZN11RecepteurIRC2Ev
                0x0000000000000968                _ZN11RecepteurIR11getCommandeEv
                0x0000000000000970                _ZN11RecepteurIR10getAdresseEv
                0x0000000000000978                _Z18initialisationPortv
                0x000000000000097c                _ZN11RecepteurIR10getCapteurEv
                0x0000000000000992                _ZN11RecepteurIR11ReceptionIREv
 .text          0x0000000000000ac8        0x0 /usr/lib/gcc/avr/7.2.0/avr5/libgcc.a(_exit.o)
 .text          0x0000000000000ac8        0x0 /usr/lib/gcc/avr/7.2.0/avr5/libgcc.a(_tablejump2.o)
 .text          0x0000000000000ac8        0x0 /usr/lib/gcc/avr/7.2.0/avr5/libgcc.a(_copy_data.o)
 .text          0x0000000000000ac8        0x0 /usr/lib/gcc/avr/7.2.0/avr5/libgcc.a(_clear_bss.o)
 .text          0x0000000000000ac8        0x0 /usr/lib/gcc/avr/7.2.0/avr5/libgcc.a(_ctors.o)
 .text          0x0000000000000ac8        0x0 /usr/lib/gcc/avr/7.2.0/avr5/libgcc.a(_dtors.o)
                0x0000000000000ac8                . = ALIGN (0x2)
 *(.text.*)
 .text.startup  0x0000000000000ac8      0x14e main.o
                0x0000000000000ac8                main
 .text.exit     0x0000000000000c16        0x8 main.o
 .text.libgcc.mul
                0x0000000000000c1e        0x0 /usr/lib/gcc/avr/7.2.0/avr5/libgcc.a(_exit.o)
 .text.libgcc.div
                0x0000000000000c1e        0x0 /usr/lib/gcc/avr/7.2.0/avr5/libgcc.a(_exit.o)
 .text.libgcc   0x0000000000000c1e        0x0 /usr/lib/gcc/avr/7.2.0/avr5/libgcc.a(_exit.o)
 .text.libgcc.prologue
                0x0000000000000c1e        0x0 /usr/lib/gcc/avr/7.2.0/avr5/libgcc.a(_exit.o)
 .text.libgcc.builtins
                0x0000000000000c1e        0x0 /usr/lib/gcc/avr/7.2.0/avr5/libgcc.a(_exit.o)
 .text.libgcc.fmul
                0x0000000000000c1e        0x0 /usr/lib/gcc/avr/7.2.0/avr5/libgcc.a(_exit.o)
 .text.libgcc.fixed
                0x0000000000000c1e        0x0 /usr/lib/gcc/avr/7.2.0/avr5/libgcc.a(_exit.o)
 .text.libgcc.mul
                0x0000000000000c1e        0x0 /usr/lib/gcc/avr/7.2.0/avr5/libgcc.a(_tablejump2.o)
 .text.libgcc.div
                0x0000000000000c1e        0x0 /usr/lib/gcc/avr/7.2.0/avr5/libgcc.a(_tablejump2.o)
 .text.libgcc   0x0000000000000c1e        0xc /usr/lib/gcc/avr/7.2.0/avr5/libgcc.a(_tablejump2.o)
                0x0000000000000c1e                __tablejump2__
 .text.libgcc.prologue
                0x0000000000000c2a        0x0 /usr/lib/gcc/avr/7.2.0/avr5/libgcc.a(_tablejump2.o)
 .text.libgcc.builtins
                0x0000000000000c2a        0x0 /usr/lib/gcc/avr/7.2.0/avr5/libgcc.a(_tablejump2.o)
 .text.libgcc.fmul
                0x0000000000000c2a        0x0 /usr/lib/gcc/avr/7.2.0/avr5/libgcc.a(_tablejump2.o)
 .text.libgcc.fixed
                0x0000000000000c2a        0x0 /usr/lib/gcc/avr/7.2.0/avr5/libgcc.a(_tablejump2.o)
 .text.libgcc.mul
                0x0000000000000c2a        0x0 /usr/lib/gcc/avr/7.2.0/avr5/libgcc.a(_copy_data.o)
 .text.libgcc.div
                0x0000000000000c2a        0x0 /usr/lib/gcc/avr/7.2.0/avr5/libgcc.a(_copy_data.o)
 .text.libgcc   0x0000000000000c2a        0x0 /usr/lib/gcc/avr/7.2.0/avr5/libgcc.a(_copy_data.o)
 .text.libgcc.prologue
                0x0000000000000c2a        0x0 /usr/lib/gcc/avr/7.2.0/avr5/libgcc.a(_copy_data.o)
 .text.libgcc.builtins
                0x0000000000000c2a        0x0 /usr/lib/gcc/avr/7.2.0/avr5/libgcc.a(_copy_data.o)
 .text.libgcc.fmul
                0x0000000000000c2a        0x0 /usr/lib/gcc/avr/7.2.0/avr5/libgcc.a(_copy_data.o)
 .text.libgcc.fixed
                0x0000000000000c2a        0x0 /usr/lib/gcc/avr/7.2.0/avr5/libgcc.a(_copy_data.o)
 .text.libgcc.mul
                0x0000000000000c2a        0x0 /usr/lib/gcc/avr/7.2.0/avr5/libgcc.a(_clear_bss.o)
 .text.libgcc.div
                0x0000000000000c2a        0x0 /usr/lib/gcc/avr/7.2.0/avr5/libgcc.a(_clear_bss.o)
 .text.libgcc   0x0000000000000c2a        0x0 /usr/lib/gcc/avr/7.2.0/avr5/libgcc.a(_clear_bss.o)
 .text.libgcc.prologue
                0x0000000000000c2a        0x0 /usr/lib/gcc/avr/7.2.0/avr5/libgcc.a(_clear_bss.o)
 .text.libgcc.builtins
                0x0000000000000c2a        0x0 /usr/lib/gcc/avr/7.2.0/avr5/libgcc.a(_clear_bss.o)
 .text.libgcc.fmul
                0x0000000000000c2a        0x0 /usr/lib/gcc/avr/7.2.0/avr5/libgcc.a(_clear_bss.o)
 .text.libgcc.fixed
                0x0000000000000c2a        0x0 /usr/lib/gcc/avr/7.2.0/avr5/libgcc.a(_clear_bss.o)
 .text.libgcc.mul
                0x0000000000000c2a        0x0 /usr/lib/gcc/avr/7.2.0/avr5/libgcc.a(_ctors.o)
 .text.libgcc.div
                0x0000000000000c2a        0x0 /usr/lib/gcc/avr/7.2.0/avr5/libgcc.a(_ctors.o)
 .text.libgcc   0x0000000000000c2a        0x0 /usr/lib/gcc/avr/7.2.0/avr5/libgcc.a(_ctors.o)
 .text.libgcc.prologue
                0x0000000000000c2a        0x0 /usr/lib/gcc/avr/7.2.0/avr5/libgcc.a(_ctors.o)
 .text.libgcc.builtins
                0x0000000000000c2a        0x0 /usr/lib/gcc/avr/7.2.0/avr5/libgcc.a(_ctors.o)
 .text.libgcc.fmul
                0x0000000000000c2a        0x0 /usr/lib/gcc/avr/7.2.0/avr5/libgcc.a(_ctors.o)
 .text.libgcc.fixed
                0x0000000000000c2a        0x0 /usr/lib/gcc/avr/7.2.0/avr5/libgcc.a(_ctors.o)
 .text.libgcc.mul
                0x0000000000000c2a        0x0 /usr/lib/gcc/avr/7.2.0/avr5/libgcc.a(_dtors.o)
 .text.libgcc.div
                0x0000000000000c2a        0x0 /usr/lib/gcc/avr/7.2.0/avr5/libgcc.a(_dtors.o)
 .text.libgcc   0x0000000000000c2a        0x0 /usr/lib/gcc/avr/7.2.0/avr5/libgcc.a(_dtors.o)
 .text.libgcc.prologue
                0x0000000000000c2a        0x0 /usr/lib/gcc/avr/7.2.0/avr5/libgcc.a(_dtors.o)
 .text.libgcc.builtins
                0x0000000000000c2a        0x0 /usr/lib/gcc/avr/7.2.0/avr5/libgcc.a(_dtors.o)
 .text.libgcc.fmul
                0x0000000000000c2a        0x0 /usr/lib/gcc/avr/7.2.0/avr5/libgcc.a(_dtors.o)
 .text.libgcc.fixed
                0x0000000000000c2a        0x0 /usr/lib/gcc/avr/7.2.0/avr5/libgcc.a(_dtors.o)
                0x0000000000000c2a                . = ALIGN (0x2)
 *(.fini9)
 .fini9         0x0000000000000c2a        0x0 /usr/lib/gcc/avr/7.2.0/avr5/libgcc.a(_exit.o)
                0x0000000000000c2a                exit
                0x0000000000000c2a                _exit
 *(.fini9)
 *(.fini8)
 *(.fini8)
 *(.fini7)
 *(.fini7)
 *(.fini6)
 .fini6         0x0000000000000c2a       0x16 /usr/lib/gcc/avr/7.2.0/avr5/libgcc.a(_dtors.o)
                0x0000000000000c2a                __do_global_dtors
 *(.fini6)
 *(.fini5)
 *(.fini5)
 *(.fini4)
 *(.fini4)
 *(.fini3)
 *(.fini3)
 *(.fini2)
 *(.fini2)
 *(.fini1)
 *(.fini1)
 *(.fini0)
 .fini0         0x0000000000000c40        0x4 /usr/lib/gcc/avr/7.2.0/avr5/libgcc.a(_exit.o)
 *(.fini0)
 *(.hightext)
 *(.hightext*)
 *(.progmemx.*)
                0x0000000000000c44                . = ALIGN (0x2)
 *(.jumptables)
 *(.jumptables*)
                0x0000000000000c44                _etext = .

.data           0x0000000000800100        0x2 load address 0x0000000000000c44
                0x0000000000800100                PROVIDE (__data_start = .)
 *(.data)
 .data          0x0000000000800100        0x0 /usr/lib/gcc/avr/7.2.0/../../../../avr/lib/avr5/crtatmega324pa.o
 .data          0x0000000000800100        0x0 Minuterie.o
 .data          0x0000000000800100        0x0 EmetteurIR.o
 .data          0x0000000000800100        0x0 Bouton.o
 .data          0x0000000000800100        0x1 memoire_24.o
                0x0000000000800100                _ZN13Memoire24CXXX22m_adresse_peripheriqueE
 .data          0x0000000000800101        0x0 PWM.o
 .data          0x0000000000800101        0x0 main.o
 .data          0x0000000000800101        0x0 AffichageMemoire.o
 .data          0x0000000000800101        0x0 can.o
 .data          0x0000000000800101        0x0 DEL.o
 .data          0x0000000000800101        0x0 RecepteurIR.o
 .data          0x0000000000800101        0x0 /usr/lib/gcc/avr/7.2.0/avr5/libgcc.a(_exit.o)
 .data          0x0000000000800101        0x0 /usr/lib/gcc/avr/7.2.0/avr5/libgcc.a(_tablejump2.o)
 .data          0x0000000000800101        0x0 /usr/lib/gcc/avr/7.2.0/avr5/libgcc.a(_copy_data.o)
 .data          0x0000000000800101        0x0 /usr/lib/gcc/avr/7.2.0/avr5/libgcc.a(_clear_bss.o)
 .data          0x0000000000800101        0x0 /usr/lib/gcc/avr/7.2.0/avr5/libgcc.a(_ctors.o)
 .data          0x0000000000800101        0x0 /usr/lib/gcc/avr/7.2.0/avr5/libgcc.a(_dtors.o)
 *(.data*)
 *(.gnu.linkonce.d*)
 *(.rodata)
 *(.rodata*)
 *(.gnu.linkonce.r*)
                0x0000000000800102                . = ALIGN (0x2)
 *fill*         0x0000000000800101        0x1 
                0x0000000000800102                _edata = .
                0x0000000000800102                PROVIDE (__data_end = .)

.bss            0x0000000000800102       0x1c
                0x0000000000800102                PROVIDE (__bss_start = .)
 *(.bss)
 .bss           0x0000000000800102        0x0 /usr/lib/gcc/avr/7.2.0/../../../../avr/lib/avr5/crtatmega324pa.o
 .bss           0x0000000000800102        0x0 Minuterie.o
 .bss           0x0000000000800102        0x0 EmetteurIR.o
 .bss           0x0000000000800102        0x0 Bouton.o
 .bss           0x0000000000800102        0x0 memoire_24.o
 .bss           0x0000000000800102        0x0 PWM.o
 .bss           0x0000000000800102       0x1c main.o
                0x0000000000800102                compteur
                0x0000000000800104                emetteur
                0x000000000080010f                recepteur
                0x000000000080011c                uart
 .bss           0x000000000080011e        0x0 AffichageMemoire.o
 .bss           0x000000000080011e        0x0 can.o
 .bss           0x000000000080011e        0x0 DEL.o
 .bss           0x000000000080011e        0x0 RecepteurIR.o
 .bss           0x000000000080011e        0x0 /usr/lib/gcc/avr/7.2.0/avr5/libgcc.a(_exit.o)
 .bss           0x000000000080011e        0x0 /usr/lib/gcc/avr/7.2.0/avr5/libgcc.a(_tablejump2.o)
 .bss           0x000000000080011e        0x0 /usr/lib/gcc/avr/7.2.0/avr5/libgcc.a(_copy_data.o)
 .bss           0x000000000080011e        0x0 /usr/lib/gcc/avr/7.2.0/avr5/libgcc.a(_clear_bss.o)
 .bss           0x000000000080011e        0x0 /usr/lib/gcc/avr/7.2.0/avr5/libgcc.a(_ctors.o)
 .bss           0x000000000080011e        0x0 /usr/lib/gcc/avr/7.2.0/avr5/libgcc.a(_dtors.o)
 *(.bss*)
 *(COMMON)
                0x000000000080011e                PROVIDE (__bss_end = .)
                0x0000000000000c44                __data_load_start = LOADADDR (.data)
                0x0000000000000c46                __data_load_end = (__data_load_start + SIZEOF (.data))

.noinit         0x000000000080011e        0x0
                [!provide]                        PROVIDE (__noinit_start = .)
 *(.noinit*)
                [!provide]                        PROVIDE (__noinit_end = .)
                0x000000000080011e                _end = .
                [!provide]                        PROVIDE (__heap_start = .)

.eeprom         0x0000000000810000        0x0
 *(.eeprom*)
                0x0000000000810000                __eeprom_end = .

.fuse
 *(.fuse)
 *(.lfuse)
 *(.hfuse)
 *(.efuse)

.lock
 *(.lock*)

.signature
 *(.signature*)

.stab           0x0000000000000000     0x56e8
 *(.stab)
 .stab          0x0000000000000000      0x6fc Minuterie.o
 .stab          0x00000000000006fc      0x9fc EmetteurIR.o
                                        0xa08 (size before relaxing)
 .stab          0x00000000000010f8      0x6fc Bouton.o
                                        0x708 (size before relaxing)
 .stab          0x00000000000017f4      0xec4 memoire_24.o
                                        0xed0 (size before relaxing)
 .stab          0x00000000000026b8      0x528 PWM.o
                                        0x534 (size before relaxing)
 .stab          0x0000000000002be0      0xa38 main.o
                                        0xa44 (size before relaxing)
 .stab          0x0000000000003618      0x798 AffichageMemoire.o
                                        0x7a4 (size before relaxing)
 .stab          0x0000000000003db0      0x63c can.o
                                        0x648 (size before relaxing)
 .stab          0x00000000000043ec      0x60c DEL.o
                                        0x618 (size before relaxing)
 .stab          0x00000000000049f8      0x8ac RecepteurIR.o
                                        0x8b8 (size before relaxing)
 .stab          0x00000000000052a4       0x6c /usr/lib/gcc/avr/7.2.0/avr5/libgcc.a(_exit.o)
                                         0x78 (size before relaxing)
 .stab          0x0000000000005310       0x9c /usr/lib/gcc/avr/7.2.0/avr5/libgcc.a(_tablejump2.o)
                                         0xa8 (size before relaxing)
 .stab          0x00000000000053ac       0xd8 /usr/lib/gcc/avr/7.2.0/avr5/libgcc.a(_copy_data.o)
                                         0xe4 (size before relaxing)
 .stab          0x0000000000005484       0xb4 /usr/lib/gcc/avr/7.2.0/avr5/libgcc.a(_clear_bss.o)
                                         0xc0 (size before relaxing)
 .stab          0x0000000000005538       0xd8 /usr/lib/gcc/avr/7.2.0/avr5/libgcc.a(_ctors.o)
                                         0xe4 (size before relaxing)
 .stab          0x0000000000005610       0xd8 /usr/lib/gcc/avr/7.2.0/avr5/libgcc.a(_dtors.o)
                                         0xe4 (size before relaxing)

.stabstr        0x0000000000000000     0x38a3
 *(.stabstr)
 .stabstr       0x0000000000000000     0x38a3 Minuterie.o

.stab.excl
 *(.stab.excl)

.stab.exclstr
 *(.stab.exclstr)

.stab.index
 *(.stab.index)

.stab.indexstr
 *(.stab.indexstr)

.comment        0x0000000000000000       0x21
 *(.comment)
 .comment       0x0000000000000000       0x21 Minuterie.o
                                         0x22 (size before relaxing)
 .comment       0x0000000000000021       0x22 EmetteurIR.o
 .comment       0x0000000000000021       0x22 Bouton.o
 .comment       0x0000000000000021       0x22 memoire_24.o
 .comment       0x0000000000000021       0x22 PWM.o
 .comment       0x0000000000000021       0x22 main.o
 .comment       0x0000000000000021       0x22 AffichageMemoire.o
 .comment       0x0000000000000021       0x22 can.o
 .comment       0x0000000000000021       0x22 DEL.o
 .comment       0x0000000000000021       0x22 RecepteurIR.o

.note.gnu.avr.deviceinfo
                0x0000000000000000       0x40
 .note.gnu.avr.deviceinfo
                0x0000000000000000       0x40 /usr/lib/gcc/avr/7.2.0/../../../../avr/lib/avr5/crtatmega324pa.o

.avr.prop       0x0000000000000000       0x16
 .avr.prop      0x0000000000000000       0x16 EmetteurIR.o

.note.gnu.build-id
 *(.note.gnu.build-id)

.debug
 *(.debug)

.line
 *(.line)

.debug_srcinfo
 *(.debug_srcinfo)

.debug_sfnames
 *(.debug_sfnames)

.debug_aranges
 *(.debug_aranges)

.debug_pubnames
 *(.debug_pubnames)

.debug_info     0x0000000000000000      0x6cc
 *(.debug_info .gnu.linkonce.wi.*)
 .debug_info    0x0000000000000000      0x6cc /usr/lib/gcc/avr/7.2.0/../../../../avr/lib/avr5/crtatmega324pa.o

.debug_abbrev   0x0000000000000000      0x66e
 *(.debug_abbrev)
 .debug_abbrev  0x0000000000000000      0x66e /usr/lib/gcc/avr/7.2.0/../../../../avr/lib/avr5/crtatmega324pa.o

.debug_line     0x0000000000000000       0x1d
 *(.debug_line .debug_line.* .debug_line_end)
 .debug_line    0x0000000000000000       0x1d /usr/lib/gcc/avr/7.2.0/../../../../avr/lib/avr5/crtatmega324pa.o

.debug_frame
 *(.debug_frame)

.debug_str      0x0000000000000000      0x255
 *(.debug_str)
 .debug_str     0x0000000000000000      0x255 /usr/lib/gcc/avr/7.2.0/../../../../avr/lib/avr5/crtatmega324pa.o

.debug_loc
 *(.debug_loc)

.debug_macinfo
 *(.debug_macinfo)

.debug_weaknames
 *(.debug_weaknames)

.debug_funcnames
 *(.debug_funcnames)

.debug_typenames
 *(.debug_typenames)

.debug_varnames
 *(.debug_varnames)

.debug_pubtypes
 *(.debug_pubtypes)

.debug_ranges
 *(.debug_ranges)

.debug_macro
 *(.debug_macro)

.debug_addr
 *(.debug_addr)
OUTPUT(TestManette.out elf32-avr)
LOAD linker stubs
